Archive member included to satisfy reference by file (symbol)

C:/environment/arm-gnu-toolchain-13.3.rel1-mingw-w64-i686-arm-none-eabi/arm-gnu-toolchain-13.3.rel1-mingw-w64-i686-arm-none-eabi/bin/../lib/gcc/arm-none-eabi/13.3.1/thumb/v7e-m/nofp\libgcc.a(_aeabi_uldivmod.o)
                              CMakeFiles/f407_drive_remake.elf.dir/Drivers/STM32F4xx_HAL_Driver/Src/stm32f4xx_hal_rcc.c.obj (__aeabi_uldivmod)
C:/environment/arm-gnu-toolchain-13.3.rel1-mingw-w64-i686-arm-none-eabi/arm-gnu-toolchain-13.3.rel1-mingw-w64-i686-arm-none-eabi/bin/../lib/gcc/arm-none-eabi/13.3.1/thumb/v7e-m/nofp\libgcc.a(_udivmoddi4.o)
                              C:/environment/arm-gnu-toolchain-13.3.rel1-mingw-w64-i686-arm-none-eabi/arm-gnu-toolchain-13.3.rel1-mingw-w64-i686-arm-none-eabi/bin/../lib/gcc/arm-none-eabi/13.3.1/thumb/v7e-m/nofp\libgcc.a(_aeabi_uldivmod.o) (__udivmoddi4)
C:/environment/arm-gnu-toolchain-13.3.rel1-mingw-w64-i686-arm-none-eabi/arm-gnu-toolchain-13.3.rel1-mingw-w64-i686-arm-none-eabi/bin/../lib/gcc/arm-none-eabi/13.3.1/thumb/v7e-m/nofp\libgcc.a(_dvmd_tls.o)
                              C:/environment/arm-gnu-toolchain-13.3.rel1-mingw-w64-i686-arm-none-eabi/arm-gnu-toolchain-13.3.rel1-mingw-w64-i686-arm-none-eabi/bin/../lib/gcc/arm-none-eabi/13.3.1/thumb/v7e-m/nofp\libgcc.a(_aeabi_uldivmod.o) (__aeabi_ldiv0)
C:/environment/arm-gnu-toolchain-13.3.rel1-mingw-w64-i686-arm-none-eabi/arm-gnu-toolchain-13.3.rel1-mingw-w64-i686-arm-none-eabi/bin/../lib/gcc/arm-none-eabi/13.3.1/thumb/v7e-m/nofp\libc.a(libc_a-exit.o)
                              C:/environment/arm-gnu-toolchain-13.3.rel1-mingw-w64-i686-arm-none-eabi/arm-gnu-toolchain-13.3.rel1-mingw-w64-i686-arm-none-eabi/bin/../lib/gcc/arm-none-eabi/13.3.1/thumb/v7e-m/nofp/crt0.o (exit)
C:/environment/arm-gnu-toolchain-13.3.rel1-mingw-w64-i686-arm-none-eabi/arm-gnu-toolchain-13.3.rel1-mingw-w64-i686-arm-none-eabi/bin/../lib/gcc/arm-none-eabi/13.3.1/thumb/v7e-m/nofp\libc.a(libc_a-findfp.o)
                              C:/environment/arm-gnu-toolchain-13.3.rel1-mingw-w64-i686-arm-none-eabi/arm-gnu-toolchain-13.3.rel1-mingw-w64-i686-arm-none-eabi/bin/../lib/gcc/arm-none-eabi/13.3.1/thumb/v7e-m/nofp\libc.a(libc_a-exit.o) (__stdio_exit_handler)
C:/environment/arm-gnu-toolchain-13.3.rel1-mingw-w64-i686-arm-none-eabi/arm-gnu-toolchain-13.3.rel1-mingw-w64-i686-arm-none-eabi/bin/../lib/gcc/arm-none-eabi/13.3.1/thumb/v7e-m/nofp\libc.a(libc_a-fwalk.o)
                              C:/environment/arm-gnu-toolchain-13.3.rel1-mingw-w64-i686-arm-none-eabi/arm-gnu-toolchain-13.3.rel1-mingw-w64-i686-arm-none-eabi/bin/../lib/gcc/arm-none-eabi/13.3.1/thumb/v7e-m/nofp\libc.a(libc_a-findfp.o) (_fwalk_sglue)
C:/environment/arm-gnu-toolchain-13.3.rel1-mingw-w64-i686-arm-none-eabi/arm-gnu-toolchain-13.3.rel1-mingw-w64-i686-arm-none-eabi/bin/../lib/gcc/arm-none-eabi/13.3.1/thumb/v7e-m/nofp\libc.a(libc_a-stdio.o)
                              C:/environment/arm-gnu-toolchain-13.3.rel1-mingw-w64-i686-arm-none-eabi/arm-gnu-toolchain-13.3.rel1-mingw-w64-i686-arm-none-eabi/bin/../lib/gcc/arm-none-eabi/13.3.1/thumb/v7e-m/nofp\libc.a(libc_a-findfp.o) (__sread)
C:/environment/arm-gnu-toolchain-13.3.rel1-mingw-w64-i686-arm-none-eabi/arm-gnu-toolchain-13.3.rel1-mingw-w64-i686-arm-none-eabi/bin/../lib/gcc/arm-none-eabi/13.3.1/thumb/v7e-m/nofp\libc.a(libc_a-memset.o)
                              C:/environment/arm-gnu-toolchain-13.3.rel1-mingw-w64-i686-arm-none-eabi/arm-gnu-toolchain-13.3.rel1-mingw-w64-i686-arm-none-eabi/bin/../lib/gcc/arm-none-eabi/13.3.1/thumb/v7e-m/nofp/crt0.o (memset)
C:/environment/arm-gnu-toolchain-13.3.rel1-mingw-w64-i686-arm-none-eabi/arm-gnu-toolchain-13.3.rel1-mingw-w64-i686-arm-none-eabi/bin/../lib/gcc/arm-none-eabi/13.3.1/thumb/v7e-m/nofp\libc.a(libc_a-closer.o)
                              C:/environment/arm-gnu-toolchain-13.3.rel1-mingw-w64-i686-arm-none-eabi/arm-gnu-toolchain-13.3.rel1-mingw-w64-i686-arm-none-eabi/bin/../lib/gcc/arm-none-eabi/13.3.1/thumb/v7e-m/nofp\libc.a(libc_a-stdio.o) (_close_r)
C:/environment/arm-gnu-toolchain-13.3.rel1-mingw-w64-i686-arm-none-eabi/arm-gnu-toolchain-13.3.rel1-mingw-w64-i686-arm-none-eabi/bin/../lib/gcc/arm-none-eabi/13.3.1/thumb/v7e-m/nofp\libc.a(libc_a-reent.o)
                              C:/environment/arm-gnu-toolchain-13.3.rel1-mingw-w64-i686-arm-none-eabi/arm-gnu-toolchain-13.3.rel1-mingw-w64-i686-arm-none-eabi/bin/../lib/gcc/arm-none-eabi/13.3.1/thumb/v7e-m/nofp\libc.a(libc_a-closer.o) (errno)
C:/environment/arm-gnu-toolchain-13.3.rel1-mingw-w64-i686-arm-none-eabi/arm-gnu-toolchain-13.3.rel1-mingw-w64-i686-arm-none-eabi/bin/../lib/gcc/arm-none-eabi/13.3.1/thumb/v7e-m/nofp\libc.a(libc_a-impure.o)
                              C:/environment/arm-gnu-toolchain-13.3.rel1-mingw-w64-i686-arm-none-eabi/arm-gnu-toolchain-13.3.rel1-mingw-w64-i686-arm-none-eabi/bin/../lib/gcc/arm-none-eabi/13.3.1/thumb/v7e-m/nofp\libc.a(libc_a-reent.o) (_impure_ptr)
[...]
Memory Configuration

Name             Origin             Length             Attributes
CCMRAM           0x10000000         0x00010000         xrw
RAM              0x20000000         0x00020000         xrw
FLASH            0x08000000         0x00100000         xr
*default*        0x00000000         0xffffffff

Linker script and memory map

LOAD C:/environment/arm-gnu-toolchain-13.3.rel1-mingw-w64-i686-arm-none-eabi/arm-gnu-toolchain-13.3.rel1-mingw-w64-i686-arm-none-eabi/bin/../lib/gcc/arm-none-eabi/13.3.1/thumb/v7e-m/nofp/crti.o
LOAD C:/environment/arm-gnu-toolchain-13.3.rel1-mingw-w64-i686-arm-none-eabi/arm-gnu-toolchain-13.3.rel1-mingw-w64-i686-arm-none-eabi/bin/../lib/gcc/arm-none-eabi/13.3.1/thumb/v7e-m/nofp/crtbegin.o
LOAD C:/environment/arm-gnu-toolchain-13.3.rel1-mingw-w64-i686-arm-none-eabi/arm-gnu-toolchain-13.3.rel1-mingw-w64-i686-arm-none-eabi/bin/../lib/gcc/arm-none-eabi/13.3.1/thumb/v7e-m/nofp/crt0.o
LOAD CMakeFiles/f407_drive_remake.elf.dir/Core/Src/adc.c.obj
LOAD CMakeFiles/f407_drive_remake.elf.dir/Core/Src/gpio.c.obj
LOAD CMakeFiles/f407_drive_remake.elf.dir/Core/Src/i2c.c.obj
LOAD CMakeFiles/f407_drive_remake.elf.dir/Core/Src/main.c.obj
LOAD CMakeFiles/f407_drive_remake.elf.dir/Core/Src/spi.c.obj
LOAD CMakeFiles/f407_drive_remake.elf.dir/Core/Src/stm32f4xx_hal_msp.c.obj
LOAD CMakeFiles/f407_drive_remake.elf.dir/Core/Src/stm32f4xx_it.c.obj
LOAD CMakeFiles/f407_drive_remake.elf.dir/Core/Src/syscalls.c.obj
LOAD CMakeFiles/f407_drive_remake.elf.dir/Core/Src/sysmem.c.obj
LOAD CMakeFiles/f407_drive_remake.elf.dir/Core/Src/system_stm32f4xx.c.obj
LOAD CMakeFiles/f407_drive_remake.elf.dir/Core/Src/tim.c.obj
LOAD CMakeFiles/f407_drive_remake.elf.dir/Core/Src/usart.c.obj
LOAD CMakeFiles/f407_drive_remake.elf.dir/Core/Src/usb_otg.c.obj
LOAD CMakeFiles/f407_drive_remake.elf.dir/Core/Startup/startup_stm32f407igtx.s.obj
LOAD CMakeFiles/f407_drive_remake.elf.dir/Drivers/STM32F4xx_HAL_Driver/Src/stm32f4xx_hal.c.obj
LOAD CMakeFiles/f407_drive_remake.elf.dir/Drivers/STM32F4xx_HAL_Driver/Src/stm32f4xx_hal_adc.c.obj
LOAD CMakeFiles/f407_drive_remake.elf.dir/Drivers/STM32F4xx_HAL_Driver/Src/stm32f4xx_hal_adc_ex.c.obj
LOAD CMakeFiles/f407_drive_remake.elf.dir/Drivers/STM32F4xx_HAL_Driver/Src/stm32f4xx_hal_cortex.c.obj
LOAD CMakeFiles/f407_drive_remake.elf.dir/Drivers/STM32F4xx_HAL_Driver/Src/stm32f4xx_hal_dma.c.obj
LOAD CMakeFiles/f407_drive_remake.elf.dir/Drivers/STM32F4xx_HAL_Driver/Src/stm32f4xx_hal_dma_ex.c.obj
LOAD CMakeFiles/f407_drive_remake.elf.dir/Drivers/STM32F4xx_HAL_Driver/Src/stm32f4xx_hal_exti.c.obj
LOAD CMakeFiles/f407_drive_remake.elf.dir/Drivers/STM32F4xx_HAL_Driver/Src/stm32f4xx_hal_flash.c.obj
LOAD CMakeFiles/f407_drive_remake.elf.dir/Drivers/STM32F4xx_HAL_Driver/Src/stm32f4xx_hal_flash_ex.c.obj
LOAD CMakeFiles/f407_drive_remake.elf.dir/Drivers/STM32F4xx_HAL_Driver/Src/stm32f4xx_hal_flash_ramfunc.c.obj
LOAD CMakeFiles/f407_drive_remake.elf.dir/Drivers/STM32F4xx_HAL_Driver/Src/stm32f4xx_hal_gpio.c.obj
LOAD CMakeFiles/f407_drive_remake.elf.dir/Drivers/STM32F4xx_HAL_Driver/Src/stm32f4xx_hal_i2c.c.obj
LOAD CMakeFiles/f407_drive_remake.elf.dir/Drivers/STM32F4xx_HAL_Driver/Src/stm32f4xx_hal_i2c_ex.c.obj
LOAD CMakeFiles/f407_drive_remake.elf.dir/Drivers/STM32F4xx_HAL_Driver/Src/stm32f4xx_hal_pcd.c.obj
LOAD CMakeFiles/f407_drive_remake.elf.dir/Drivers/STM32F4xx_HAL_Driver/Src/stm32f4xx_hal_pcd_ex.c.obj
LOAD CMakeFiles/f407_drive_remake.elf.dir/Drivers/STM32F4xx_HAL_Driver/Src/stm32f4xx_hal_pwr.c.obj
LOAD CMakeFiles/f407_drive_remake.elf.dir/Drivers/STM32F4xx_HAL_Driver/Src/stm32f4xx_hal_pwr_ex.c.obj
LOAD CMakeFiles/f407_drive_remake.elf.dir/Drivers/STM32F4xx_HAL_Driver/Src/stm32f4xx_hal_rcc.c.obj
LOAD CMakeFiles/f407_drive_remake.elf.dir/Drivers/STM32F4xx_HAL_Driver/Src/stm32f4xx_hal_rcc_ex.c.obj
LOAD CMakeFiles/f407_drive_remake.elf.dir/Drivers/STM32F4xx_HAL_Driver/Src/stm32f4xx_hal_spi.c.obj
LOAD CMakeFiles/f407_drive_remake.elf.dir/Drivers/STM32F4xx_HAL_Driver/Src/stm32f4xx_hal_tim.c.obj
LOAD CMakeFiles/f407_drive_remake.elf.dir/Drivers/STM32F4xx_HAL_Driver/Src/stm32f4xx_hal_tim_ex.c.obj
LOAD CMakeFiles/f407_drive_remake.elf.dir/Drivers/STM32F4xx_HAL_Driver/Src/stm32f4xx_hal_uart.c.obj
LOAD CMakeFiles/f407_drive_remake.elf.dir/Drivers/STM32F4xx_HAL_Driver/Src/stm32f4xx_ll_adc.c.obj
LOAD CMakeFiles/f407_drive_remake.elf.dir/Drivers/STM32F4xx_HAL_Driver/Src/stm32f4xx_ll_usb.c.obj
START GROUP
LOAD C:/environment/arm-gnu-toolchain-13.3.rel1-mingw-w64-i686-arm-none-eabi/arm-gnu-toolchain-13.3.rel1-mingw-w64-i686-arm-none-eabi/bin/../lib/gcc/arm-none-eabi/13.3.1/thumb/v7e-m/nofp\libgcc.a
LOAD C:/environment/arm-gnu-toolchain-13.3.rel1-mingw-w64-i686-arm-none-eabi/arm-gnu-toolchain-13.3.rel1-mingw-w64-i686-arm-none-eabi/bin/../lib/gcc/arm-none-eabi/13.3.1/thumb/v7e-m/nofp\libc.a
END GROUP
LOAD C:/environment/arm-gnu-toolchain-13.3.rel1-mingw-w64-i686-arm-none-eabi/arm-gnu-toolchain-13.3.rel1-mingw-w64-i686-arm-none-eabi/bin/../lib/gcc/arm-none-eabi/13.3.1/thumb/v7e-m/nofp/crtend.o
LOAD C:/environment/arm-gnu-toolchain-13.3.rel1-mingw-w64-i686-arm-none-eabi/arm-gnu-toolchain-13.3.rel1-mingw-w64-i686-arm-none-eabi/bin/../lib/gcc/arm-none-eabi/13.3.1/thumb/v7e-m/nofp/crtn.o
                0x20020000                        _estack = (ORIGIN (RAM) + LENGTH (RAM))
                0x00000400                        _Min_Heap_Size = 0x400
                0x00000800                        _Min_Stack_Size = 0x800

.isr_vector     0x08000000      0x188
                0x08000000                        . = ALIGN (0x4)
 *(.isr_vector)
 .isr_vector    0x08000000      0x188 CMakeFiles/f407_drive_remake.elf.dir/Core/Startup/startup_stm32f407igtx.s.obj
                0x08000000                g_pfnVectors
                0x08000188                        . = ALIGN (0x4)

.text           0x08000188     0x2efc
                0x08000188                        . = ALIGN (0x4)
 *(.text)
 .text          0x08000188       0x30 C:/environment/arm-gnu-toolchain-13.3.rel1-mingw-w64-i686-arm-none-eabi/arm-gnu-toolchain-13.3.rel1-mingw-w64-i686-arm-none-eabi/bin/../lib/gcc/arm-none-eabi/13.3.1/thumb/v7e-m/nofp\libgcc.a(_aeabi_uldivmod.o)
                0x08000188                __aeabi_uldivmod
 .text          0x080001b8        0x4 C:/environment/arm-gnu-toolchain-13.3.rel1-mingw-w64-i686-arm-none-eabi/arm-gnu-toolchain-13.3.rel1-mingw-w64-i686-arm-none-eabi/bin/../lib/gcc/arm-none-eabi/13.3.1/thumb/v7e-m/nofp\libgcc.a(_dvmd_tls.o)
                0x080001b8                __aeabi_idiv0
                0x080001b8                __aeabi_ldiv0
 *(.text*)
 .text.deregister_tm_clones
                0x080001bc       0x1c C:/environment/arm-gnu-toolchain-13.3.rel1-mingw-w64-i686-arm-none-eabi/arm-gnu-toolchain-13.3.rel1-mingw-w64-i686-arm-none-eabi/bin/../lib/gcc/arm-none-eabi/13.3.1/thumb/v7e-m/nofp/crtbegin.o
 .text.register_tm_clones
                0x080001d8       0x24 C:/environment/arm-gnu-toolchain-13.3.rel1-mingw-w64-i686-arm-none-eabi/arm-gnu-toolchain-13.3.rel1-mingw-w64-i686-arm-none-eabi/bin/../lib/gcc/arm-none-eabi/13.3.1/thumb/v7e-m/nofp/crtbegin.o
 .text.__do_global_dtors_aux
                0x080001fc       0x28 C:/environment/arm-gnu-toolchain-13.3.rel1-mingw-w64-i686-arm-none-eabi/arm-gnu-toolchain-13.3.rel1-mingw-w64-i686-arm-none-eabi/bin/../lib/gcc/arm-none-eabi/13.3.1/thumb/v7e-m/nofp/crtbegin.o
 .text.frame_dummy
                0x08000224       0x24 C:/environment/arm-gnu-toolchain-13.3.rel1-mingw-w64-i686-arm-none-eabi/arm-gnu-toolchain-13.3.rel1-mingw-w64-i686-arm-none-eabi/bin/../lib/gcc/arm-none-eabi/13.3.1/thumb/v7e-m/nofp/crtbegin.o
 .text.MX_ADC1_Init
                0x08000248       0x70 CMakeFiles/f407_drive_remake.elf.dir/Core/Src/adc.c.obj
                0x08000248                MX_ADC1_Init
 .text.MX_ADC3_Init
                0x080002b8       0x70 CMakeFiles/f407_drive_remake.elf.dir/Core/Src/adc.c.obj
                0x080002b8                MX_ADC3_Init
 .text.HAL_ADC_MspInit
                0x08000328      0x104 CMakeFiles/f407_drive_remake.elf.dir/Core/Src/adc.c.obj
                0x08000328                HAL_ADC_MspInit
 .text.MX_GPIO_Init
                0x0800042c       0xec CMakeFiles/f407_drive_remake.elf.dir/Core/Src/gpio.c.obj
                0x0800042c                MX_GPIO_Init
 .text.MX_I2C2_Init
                0x08000518       0x3c CMakeFiles/f407_drive_remake.elf.dir/Core/Src/i2c.c.obj
                0x08000518                MX_I2C2_Init
 .text.HAL_I2C_MspInit
                0x08000554       0x70 CMakeFiles/f407_drive_remake.elf.dir/Core/Src/i2c.c.obj
                0x08000554                HAL_I2C_MspInit
 .text.Error_Handler
                0x080005c4        0x4 CMakeFiles/f407_drive_remake.elf.dir/Core/Src/main.c.obj
                0x080005c4                Error_Handler
 .text.SystemClock_Config
                0x080005c8       0xac CMakeFiles/f407_drive_remake.elf.dir/Core/Src/main.c.obj
                0x080005c8                SystemClock_Config
 .text.main     0x08000674       0x38 CMakeFiles/f407_drive_remake.elf.dir/Core/Src/main.c.obj
                0x08000674                main
 .text.MX_SPI2_Init
                0x080006ac       0x4c CMakeFiles/f407_drive_remake.elf.dir/Core/Src/spi.c.obj
                0x080006ac                MX_SPI2_Init
 .text.HAL_SPI_MspInit
                0x080006f8       0x70 CMakeFiles/f407_drive_remake.elf.dir/Core/Src/spi.c.obj
                0x080006f8                HAL_SPI_MspInit
 .text.HAL_MspInit
                0x08000768       0x38 CMakeFiles/f407_drive_remake.elf.dir/Core/Src/stm32f4xx_hal_msp.c.obj
                0x08000768                HAL_MspInit
 .text.NMI_Handler
                0x080007a0        0x2 CMakeFiles/f407_drive_remake.elf.dir/Core/Src/stm32f4xx_it.c.obj
                0x080007a0                NMI_Handler
 .text.HardFault_Handler
                0x080007a2        0x2 CMakeFiles/f407_drive_remake.elf.dir/Core/Src/stm32f4xx_it.c.obj
                0x080007a2                HardFault_Handler
 .text.MemManage_Handler
                0x080007a4        0x2 CMakeFiles/f407_drive_remake.elf.dir/Core/Src/stm32f4xx_it.c.obj
                0x080007a4                MemManage_Handler
 .text.BusFault_Handler
                0x080007a6        0x2 CMakeFiles/f407_drive_remake.elf.dir/Core/Src/stm32f4xx_it.c.obj
                0x080007a6                BusFault_Handler
 .text.UsageFault_Handler
                0x080007a8        0x2 CMakeFiles/f407_drive_remake.elf.dir/Core/Src/stm32f4xx_it.c.obj
                0x080007a8                UsageFault_Handler
 .text.SVC_Handler
                0x080007aa        0x2 CMakeFiles/f407_drive_remake.elf.dir/Core/Src/stm32f4xx_it.c.obj
                0x080007aa                SVC_Handler
 .text.DebugMon_Handler
                0x080007ac        0x2 CMakeFiles/f407_drive_remake.elf.dir/Core/Src/stm32f4xx_it.c.obj
                0x080007ac                DebugMon_Handler
 .text.PendSV_Handler
                0x080007ae        0x2 CMakeFiles/f407_drive_remake.elf.dir/Core/Src/stm32f4xx_it.c.obj
                0x080007ae                PendSV_Handler
 .text.SysTick_Handler
                0x080007b0        0x8 CMakeFiles/f407_drive_remake.elf.dir/Core/Src/stm32f4xx_it.c.obj
                0x080007b0                SysTick_Handler
 .text.TIM8_BRK_TIM12_IRQHandler
                0x080007b8       0x10 CMakeFiles/f407_drive_remake.elf.dir/Core/Src/stm32f4xx_it.c.obj
                0x080007b8                TIM8_BRK_TIM12_IRQHandler
 .text.TIM8_UP_TIM13_IRQHandler
                0x080007c8       0x10 CMakeFiles/f407_drive_remake.elf.dir/Core/Src/stm32f4xx_it.c.obj
                0x080007c8                TIM8_UP_TIM13_IRQHandler
 .text.TIM8_TRG_COM_TIM14_IRQHandler
                0x080007d8       0x10 CMakeFiles/f407_drive_remake.elf.dir/Core/Src/stm32f4xx_it.c.obj
                0x080007d8                TIM8_TRG_COM_TIM14_IRQHandler
 .text.TIM8_CC_IRQHandler
                0x080007e8       0x10 CMakeFiles/f407_drive_remake.elf.dir/Core/Src/stm32f4xx_it.c.obj
                0x080007e8                TIM8_CC_IRQHandler
 .text.TIM6_DAC_IRQHandler
                0x080007f8       0x10 CMakeFiles/f407_drive_remake.elf.dir/Core/Src/stm32f4xx_it.c.obj
                0x080007f8                TIM6_DAC_IRQHandler
 .text.SystemInit
                0x08000808        0x2 CMakeFiles/f407_drive_remake.elf.dir/Core/Src/system_stm32f4xx.c.obj
                0x08000808                SystemInit
 *fill*         0x0800080a        0x2 
 .text.MX_TIM6_Init
                0x0800080c       0x50 CMakeFiles/f407_drive_remake.elf.dir/Core/Src/tim.c.obj
                0x0800080c                MX_TIM6_Init
 .text.HAL_TIM_Base_MspInit
                0x0800085c       0xc8 CMakeFiles/f407_drive_remake.elf.dir/Core/Src/tim.c.obj
                0x0800085c                HAL_TIM_Base_MspInit
 .text.HAL_TIM_MspPostInit
                0x08000924       0xf0 CMakeFiles/f407_drive_remake.elf.dir/Core/Src/tim.c.obj
                0x08000924                HAL_TIM_MspPostInit
 .text.MX_TIM1_Init
                0x08000a14      0x110 CMakeFiles/f407_drive_remake.elf.dir/Core/Src/tim.c.obj
                0x08000a14                MX_TIM1_Init
 .text.MX_TIM8_Init
                0x08000b24      0x118 CMakeFiles/f407_drive_remake.elf.dir/Core/Src/tim.c.obj
                0x08000b24                MX_TIM8_Init
 .text.MX_USART1_UART_Init
                0x08000c3c       0x34 CMakeFiles/f407_drive_remake.elf.dir/Core/Src/usart.c.obj
                0x08000c3c                MX_USART1_UART_Init
 .text.MX_USART3_UART_Init
                0x08000c70       0x34 CMakeFiles/f407_drive_remake.elf.dir/Core/Src/usart.c.obj
                0x08000c70                MX_USART3_UART_Init
 .text.HAL_UART_MspInit
                0x08000ca4       0xc4 CMakeFiles/f407_drive_remake.elf.dir/Core/Src/usart.c.obj
                0x08000ca4                HAL_UART_MspInit
 .text.MX_USB_OTG_FS_PCD_Init
                0x08000d68       0x34 CMakeFiles/f407_drive_remake.elf.dir/Core/Src/usb_otg.c.obj
                0x08000d68                MX_USB_OTG_FS_PCD_Init
 .text.HAL_PCD_MspInit
                0x08000d9c       0x74 CMakeFiles/f407_drive_remake.elf.dir/Core/Src/usb_otg.c.obj
                0x08000d9c                HAL_PCD_MspInit
 .text.Reset_Handler
                0x08000e10       0x50 CMakeFiles/f407_drive_remake.elf.dir/Core/Startup/startup_stm32f407igtx.s.obj
                0x08000e10                Reset_Handler
 .text.Default_Handler
                0x08000e60        0x2 CMakeFiles/f407_drive_remake.elf.dir/Core/Startup/startup_stm32f407igtx.s.obj
                0x08000e60                RTC_Alarm_IRQHandler
                0x08000e60                HASH_RNG_IRQHandler
                0x08000e60                EXTI2_IRQHandler
                0x08000e60                TIM1_CC_IRQHandler
                0x08000e60                DMA2_Stream5_IRQHandler
                0x08000e60                DMA1_Stream5_IRQHandler
                0x08000e60                PVD_IRQHandler
                0x08000e60                SDIO_IRQHandler
                0x08000e60                TAMP_STAMP_IRQHandler
                0x08000e60                CAN2_RX1_IRQHandler
                0x08000e60                EXTI3_IRQHandler
                0x08000e60                TIM1_UP_TIM10_IRQHandler
                0x08000e60                I2C3_ER_IRQHandler
                0x08000e60                EXTI0_IRQHandler
                0x08000e60                I2C2_EV_IRQHandler
                0x08000e60                DMA1_Stream2_IRQHandler
                0x08000e60                CAN1_RX0_IRQHandler
                0x08000e60                FPU_IRQHandler
                0x08000e60                OTG_HS_WKUP_IRQHandler
                0x08000e60                CAN2_SCE_IRQHandler
                0x08000e60                DMA2_Stream2_IRQHandler
                0x08000e60                SPI1_IRQHandler
                0x08000e60                TIM1_BRK_TIM9_IRQHandler
                0x08000e60                DCMI_IRQHandler
                0x08000e60                CAN2_RX0_IRQHandler
                0x08000e60                DMA2_Stream3_IRQHandler
                0x08000e60                USART6_IRQHandler
                0x08000e60                USART3_IRQHandler
                0x08000e60                CAN1_RX1_IRQHandler
                0x08000e60                UART5_IRQHandler
                0x08000e60                DMA2_Stream0_IRQHandler
                0x08000e60                TIM4_IRQHandler
                0x08000e60                I2C1_EV_IRQHandler
                0x08000e60                DMA1_Stream6_IRQHandler
                0x08000e60                DMA1_Stream1_IRQHandler
                0x08000e60                UART4_IRQHandler
                0x08000e60                TIM3_IRQHandler
                0x08000e60                RCC_IRQHandler
                0x08000e60                Default_Handler
                0x08000e60                EXTI15_10_IRQHandler
                0x08000e60                ADC_IRQHandler
                0x08000e60                DMA1_Stream7_IRQHandler
                0x08000e60                TIM7_IRQHandler
                0x08000e60                CAN2_TX_IRQHandler
                0x08000e60                TIM5_IRQHandler
                0x08000e60                DMA2_Stream7_IRQHandler
                0x08000e60                I2C3_EV_IRQHandler
                0x08000e60                EXTI9_5_IRQHandler
                0x08000e60                RTC_WKUP_IRQHandler
                0x08000e60                ETH_WKUP_IRQHandler
                0x08000e60                SPI2_IRQHandler
                0x08000e60                OTG_HS_EP1_IN_IRQHandler
                0x08000e60                DMA1_Stream0_IRQHandler
                0x08000e60                CAN1_TX_IRQHandler
                0x08000e60                EXTI4_IRQHandler
                0x08000e60                FSMC_IRQHandler
                0x08000e60                ETH_IRQHandler
                0x08000e60                OTG_HS_EP1_OUT_IRQHandler
                0x08000e60                WWDG_IRQHandler
                0x08000e60                TIM2_IRQHandler
                0x08000e60                OTG_FS_WKUP_IRQHandler
                0x08000e60                TIM1_TRG_COM_TIM11_IRQHandler
                0x08000e60                OTG_HS_IRQHandler
                0x08000e60                EXTI1_IRQHandler
                0x08000e60                USART2_IRQHandler
                0x08000e60                I2C2_ER_IRQHandler
                0x08000e60                DMA2_Stream1_IRQHandler
                0x08000e60                CAN1_SCE_IRQHandler
                0x08000e60                FLASH_IRQHandler
                0x08000e60                DMA2_Stream4_IRQHandler
                0x08000e60                USART1_IRQHandler
                0x08000e60                OTG_FS_IRQHandler
                0x08000e60                SPI3_IRQHandler
                0x08000e60                DMA1_Stream4_IRQHandler
                0x08000e60                I2C1_ER_IRQHandler
                0x08000e60                DMA2_Stream6_IRQHandler
                0x08000e60                DMA1_Stream3_IRQHandler
 *fill*         0x08000e62        0x2 
 .text.HAL_InitTick
                0x08000e64       0x4c CMakeFiles/f407_drive_remake.elf.dir/Drivers/STM32F4xx_HAL_Driver/Src/stm32f4xx_hal.c.obj
                0x08000e64                HAL_InitTick
 .text.HAL_Init
                0x08000eb0       0x34 CMakeFiles/f407_drive_remake.elf.dir/Drivers/STM32F4xx_HAL_Driver/Src/stm32f4xx_hal.c.obj
                0x08000eb0                HAL_Init
 .text.HAL_IncTick
                0x08000ee4       0x18 CMakeFiles/f407_drive_remake.elf.dir/Drivers/STM32F4xx_HAL_Driver/Src/stm32f4xx_hal.c.obj
                0x08000ee4                HAL_IncTick
 .text.HAL_GetTick
                0x08000efc        0xc CMakeFiles/f407_drive_remake.elf.dir/Drivers/STM32F4xx_HAL_Driver/Src/stm32f4xx_hal.c.obj
                0x08000efc                HAL_GetTick
 .text.HAL_Delay
                0x08000f08       0x28 CMakeFiles/f407_drive_remake.elf.dir/Drivers/STM32F4xx_HAL_Driver/Src/stm32f4xx_hal.c.obj
                0x08000f08                HAL_Delay
 .text.ADC_Init
                0x08000f30      0x134 CMakeFiles/f407_drive_remake.elf.dir/Drivers/STM32F4xx_HAL_Driver/Src/stm32f4xx_hal_adc.c.obj
 .text.HAL_ADC_Init
                0x08001064       0x56 CMakeFiles/f407_drive_remake.elf.dir/Drivers/STM32F4xx_HAL_Driver/Src/stm32f4xx_hal_adc.c.obj
                0x08001064                HAL_ADC_Init
 *fill*         0x080010ba        0x2 
 .text.HAL_ADC_ConfigChannel
                0x080010bc      0x194 CMakeFiles/f407_drive_remake.elf.dir/Drivers/STM32F4xx_HAL_Driver/Src/stm32f4xx_hal_adc.c.obj
                0x080010bc                HAL_ADC_ConfigChannel
 .text.__NVIC_EnableIRQ
                0x08001250       0x1c CMakeFiles/f407_drive_remake.elf.dir/Drivers/STM32F4xx_HAL_Driver/Src/stm32f4xx_hal_cortex.c.obj
 .text.__NVIC_SetPriority
                0x0800126c       0x28 CMakeFiles/f407_drive_remake.elf.dir/Drivers/STM32F4xx_HAL_Driver/Src/stm32f4xx_hal_cortex.c.obj
 .text.NVIC_EncodePriority
                0x08001294       0x3e CMakeFiles/f407_drive_remake.elf.dir/Drivers/STM32F4xx_HAL_Driver/Src/stm32f4xx_hal_cortex.c.obj
 *fill*         0x080012d2        0x2 
 .text.HAL_NVIC_SetPriorityGrouping
                0x080012d4       0x24 CMakeFiles/f407_drive_remake.elf.dir/Drivers/STM32F4xx_HAL_Driver/Src/stm32f4xx_hal_cortex.c.obj
                0x080012d4                HAL_NVIC_SetPriorityGrouping
 .text.HAL_NVIC_SetPriority
                0x080012f8       0x20 CMakeFiles/f407_drive_remake.elf.dir/Drivers/STM32F4xx_HAL_Driver/Src/stm32f4xx_hal_cortex.c.obj
                0x080012f8                HAL_NVIC_SetPriority
 .text.HAL_NVIC_EnableIRQ
                0x08001318        0x8 CMakeFiles/f407_drive_remake.elf.dir/Drivers/STM32F4xx_HAL_Driver/Src/stm32f4xx_hal_cortex.c.obj
                0x08001318                HAL_NVIC_EnableIRQ
 .text.HAL_SYSTICK_Config
                0x08001320       0x28 CMakeFiles/f407_drive_remake.elf.dir/Drivers/STM32F4xx_HAL_Driver/Src/stm32f4xx_hal_cortex.c.obj
                0x08001320                HAL_SYSTICK_Config
 .text.HAL_GPIO_Init
                0x08001348      0x1f4 CMakeFiles/f407_drive_remake.elf.dir/Drivers/STM32F4xx_HAL_Driver/Src/stm32f4xx_hal_gpio.c.obj
                0x08001348                HAL_GPIO_Init
 .text.HAL_GPIO_WritePin
                0x0800153c        0xc CMakeFiles/f407_drive_remake.elf.dir/Drivers/STM32F4xx_HAL_Driver/Src/stm32f4xx_hal_gpio.c.obj
                0x0800153c                HAL_GPIO_WritePin
 .text.HAL_I2C_Init
                0x08001548      0x1bc CMakeFiles/f407_drive_remake.elf.dir/Drivers/STM32F4xx_HAL_Driver/Src/stm32f4xx_hal_i2c.c.obj
                0x08001548                HAL_I2C_Init
 .text.HAL_PCD_Init
                0x08001704      0x102 CMakeFiles/f407_drive_remake.elf.dir/Drivers/STM32F4xx_HAL_Driver/Src/stm32f4xx_hal_pcd.c.obj
                0x08001704                HAL_PCD_Init
 *fill*         0x08001806        0x2 
 .text.HAL_RCC_OscConfig
                0x08001808      0x3f8 CMakeFiles/f407_drive_remake.elf.dir/Drivers/STM32F4xx_HAL_Driver/Src/stm32f4xx_hal_rcc.c.obj
                0x08001808                HAL_RCC_OscConfig
 .text.HAL_RCC_GetSysClockFreq
                0x08001c00       0xa8 CMakeFiles/f407_drive_remake.elf.dir/Drivers/STM32F4xx_HAL_Driver/Src/stm32f4xx_hal_rcc.c.obj
                0x08001c00                HAL_RCC_GetSysClockFreq
 .text.HAL_RCC_ClockConfig
                0x08001ca8      0x160 CMakeFiles/f407_drive_remake.elf.dir/Drivers/STM32F4xx_HAL_Driver/Src/stm32f4xx_hal_rcc.c.obj
                0x08001ca8                HAL_RCC_ClockConfig
 .text.HAL_RCC_GetHCLKFreq
                0x08001e08        0xc CMakeFiles/f407_drive_remake.elf.dir/Drivers/STM32F4xx_HAL_Driver/Src/stm32f4xx_hal_rcc.c.obj
                0x08001e08                HAL_RCC_GetHCLKFreq
 .text.HAL_RCC_GetPCLK1Freq
                0x08001e14       0x20 CMakeFiles/f407_drive_remake.elf.dir/Drivers/STM32F4xx_HAL_Driver/Src/stm32f4xx_hal_rcc.c.obj
                0x08001e14                HAL_RCC_GetPCLK1Freq
 .text.HAL_RCC_GetPCLK2Freq
                0x08001e34       0x20 CMakeFiles/f407_drive_remake.elf.dir/Drivers/STM32F4xx_HAL_Driver/Src/stm32f4xx_hal_rcc.c.obj
                0x08001e34                HAL_RCC_GetPCLK2Freq
 .text.HAL_SPI_Init
                0x08001e54       0xbe CMakeFiles/f407_drive_remake.elf.dir/Drivers/STM32F4xx_HAL_Driver/Src/stm32f4xx_hal_spi.c.obj
                0x08001e54                HAL_SPI_Init
 *fill*         0x08001f12        0x2 
 .text.TIM_OC1_SetConfig
                0x08001f14       0x70 CMakeFiles/f407_drive_remake.elf.dir/Drivers/STM32F4xx_HAL_Driver/Src/stm32f4xx_hal_tim.c.obj
 .text.TIM_OC3_SetConfig
                0x08001f84       0x70 CMakeFiles/f407_drive_remake.elf.dir/Drivers/STM32F4xx_HAL_Driver/Src/stm32f4xx_hal_tim.c.obj
 .text.TIM_OC4_SetConfig
                0x08001ff4       0x50 CMakeFiles/f407_drive_remake.elf.dir/Drivers/STM32F4xx_HAL_Driver/Src/stm32f4xx_hal_tim.c.obj
 .text.TIM_TI1_ConfigInputStage
                0x08002044       0x24 CMakeFiles/f407_drive_remake.elf.dir/Drivers/STM32F4xx_HAL_Driver/Src/stm32f4xx_hal_tim.c.obj
 .text.TIM_TI2_ConfigInputStage
                0x08002068       0x26 CMakeFiles/f407_drive_remake.elf.dir/Drivers/STM32F4xx_HAL_Driver/Src/stm32f4xx_hal_tim.c.obj
 .text.TIM_ITRx_SetConfig
                0x0800208e       0x10 CMakeFiles/f407_drive_remake.elf.dir/Drivers/STM32F4xx_HAL_Driver/Src/stm32f4xx_hal_tim.c.obj
 .text.HAL_TIM_PWM_MspInit
                0x0800209e        0x2 CMakeFiles/f407_drive_remake.elf.dir/Drivers/STM32F4xx_HAL_Driver/Src/stm32f4xx_hal_tim.c.obj
                0x0800209e                HAL_TIM_PWM_MspInit
 .text.HAL_TIM_PeriodElapsedCallback
                0x080020a0        0x2 CMakeFiles/f407_drive_remake.elf.dir/Drivers/STM32F4xx_HAL_Driver/Src/stm32f4xx_hal_tim.c.obj
                0x080020a0                HAL_TIM_PeriodElapsedCallback
 .text.HAL_TIM_OC_DelayElapsedCallback
                0x080020a2        0x2 CMakeFiles/f407_drive_remake.elf.dir/Drivers/STM32F4xx_HAL_Driver/Src/stm32f4xx_hal_tim.c.obj
                0x080020a2                HAL_TIM_OC_DelayElapsedCallback
 .text.HAL_TIM_IC_CaptureCallback
                0x080020a4        0x2 CMakeFiles/f407_drive_remake.elf.dir/Drivers/STM32F4xx_HAL_Driver/Src/stm32f4xx_hal_tim.c.obj
                0x080020a4                HAL_TIM_IC_CaptureCallback
 .text.HAL_TIM_PWM_PulseFinishedCallback
                0x080020a6        0x2 CMakeFiles/f407_drive_remake.elf.dir/Drivers/STM32F4xx_HAL_Driver/Src/stm32f4xx_hal_tim.c.obj
                0x080020a6                HAL_TIM_PWM_PulseFinishedCallback
 .text.HAL_TIM_TriggerCallback
                0x080020a8        0x2 CMakeFiles/f407_drive_remake.elf.dir/Drivers/STM32F4xx_HAL_Driver/Src/stm32f4xx_hal_tim.c.obj
                0x080020a8                HAL_TIM_TriggerCallback
 .text.HAL_TIM_IRQHandler
                0x080020aa      0x15e CMakeFiles/f407_drive_remake.elf.dir/Drivers/STM32F4xx_HAL_Driver/Src/stm32f4xx_hal_tim.c.obj
                0x080020aa                HAL_TIM_IRQHandler
 .text.TIM_Base_SetConfig
                0x08002208       0xd8 CMakeFiles/f407_drive_remake.elf.dir/Drivers/STM32F4xx_HAL_Driver/Src/stm32f4xx_hal_tim.c.obj
                0x08002208                TIM_Base_SetConfig
 .text.HAL_TIM_Base_Init
                0x080022e0       0x58 CMakeFiles/f407_drive_remake.elf.dir/Drivers/STM32F4xx_HAL_Driver/Src/stm32f4xx_hal_tim.c.obj
                0x080022e0                HAL_TIM_Base_Init
 .text.HAL_TIM_PWM_Init
                0x08002338       0x58 CMakeFiles/f407_drive_remake.elf.dir/Drivers/STM32F4xx_HAL_Driver/Src/stm32f4xx_hal_tim.c.obj
                0x08002338                HAL_TIM_PWM_Init
 .text.TIM_OC2_SetConfig
                0x08002390       0x70 CMakeFiles/f407_drive_remake.elf.dir/Drivers/STM32F4xx_HAL_Driver/Src/stm32f4xx_hal_tim.c.obj
                0x08002390                TIM_OC2_SetConfig
 .text.HAL_TIM_PWM_ConfigChannel
                0x08002400       0xdc CMakeFiles/f407_drive_remake.elf.dir/Drivers/STM32F4xx_HAL_Driver/Src/stm32f4xx_hal_tim.c.obj
                0x08002400                HAL_TIM_PWM_ConfigChannel
 .text.TIM_ETR_SetConfig
                0x080024dc       0x18 CMakeFiles/f407_drive_remake.elf.dir/Drivers/STM32F4xx_HAL_Driver/Src/stm32f4xx_hal_tim.c.obj
                0x080024dc                TIM_ETR_SetConfig
 .text.HAL_TIM_ConfigClockSource
                0x080024f4       0xfe CMakeFiles/f407_drive_remake.elf.dir/Drivers/STM32F4xx_HAL_Driver/Src/stm32f4xx_hal_tim.c.obj
                0x080024f4                HAL_TIM_ConfigClockSource
 *fill*         0x080025f2        0x2 
 .text.HAL_TIMEx_MasterConfigSynchronization
                0x080025f4       0x8c CMakeFiles/f407_drive_remake.elf.dir/Drivers/STM32F4xx_HAL_Driver/Src/stm32f4xx_hal_tim_ex.c.obj
                0x080025f4                HAL_TIMEx_MasterConfigSynchronization
 .text.HAL_TIMEx_ConfigBreakDeadTime
                0x08002680       0x52 CMakeFiles/f407_drive_remake.elf.dir/Drivers/STM32F4xx_HAL_Driver/Src/stm32f4xx_hal_tim_ex.c.obj
                0x08002680                HAL_TIMEx_ConfigBreakDeadTime
 .text.HAL_TIMEx_CommutCallback
                0x080026d2        0x2 CMakeFiles/f407_drive_remake.elf.dir/Drivers/STM32F4xx_HAL_Driver/Src/stm32f4xx_hal_tim_ex.c.obj
                0x080026d2                HAL_TIMEx_CommutCallback
 .text.HAL_TIMEx_BreakCallback
                0x080026d4        0x2 CMakeFiles/f407_drive_remake.elf.dir/Drivers/STM32F4xx_HAL_Driver/Src/stm32f4xx_hal_tim_ex.c.obj
                0x080026d4                HAL_TIMEx_BreakCallback
 *fill*         0x080026d6        0x2 
 .text.UART_SetConfig
                0x080026d8      0x110 CMakeFiles/f407_drive_remake.elf.dir/Drivers/STM32F4xx_HAL_Driver/Src/stm32f4xx_hal_uart.c.obj
 .text.HAL_UART_Init
                0x080027e8       0x60 CMakeFiles/f407_drive_remake.elf.dir/Drivers/STM32F4xx_HAL_Driver/Src/stm32f4xx_hal_uart.c.obj
                0x080027e8                HAL_UART_Init
 .text.USB_CoreReset
                0x08002848       0x4a CMakeFiles/f407_drive_remake.elf.dir/Drivers/STM32F4xx_HAL_Driver/Src/stm32f4xx_ll_usb.c.obj
 .text.USB_CoreInit
                0x08002892       0x92 CMakeFiles/f407_drive_remake.elf.dir/Drivers/STM32F4xx_HAL_Driver/Src/stm32f4xx_ll_usb.c.obj
                0x08002892                USB_CoreInit
 .text.USB_DisableGlobalInt
                0x08002924        0xc CMakeFiles/f407_drive_remake.elf.dir/Drivers/STM32F4xx_HAL_Driver/Src/stm32f4xx_ll_usb.c.obj
                0x08002924                USB_DisableGlobalInt
 .text.USB_FlushTxFifo
                0x08002930       0x4a CMakeFiles/f407_drive_remake.elf.dir/Drivers/STM32F4xx_HAL_Driver/Src/stm32f4xx_ll_usb.c.obj
                0x08002930                USB_FlushTxFifo
 .text.USB_FlushRxFifo
                0x0800297a       0x46 CMakeFiles/f407_drive_remake.elf.dir/Drivers/STM32F4xx_HAL_Driver/Src/stm32f4xx_ll_usb.c.obj
                0x0800297a                USB_FlushRxFifo
 .text.USB_SetDevSpeed
                0x080029c0        0xe CMakeFiles/f407_drive_remake.elf.dir/Drivers/STM32F4xx_HAL_Driver/Src/stm32f4xx_ll_usb.c.obj
                0x080029c0                USB_SetDevSpeed
 *fill*         0x080029ce        0x2 
 .text.USB_DevInit
                0x080029d0      0x194 CMakeFiles/f407_drive_remake.elf.dir/Drivers/STM32F4xx_HAL_Driver/Src/stm32f4xx_ll_usb.c.obj
                0x080029d0                USB_DevInit
 .text.USB_DevDisconnect
                0x08002b64       0x1c CMakeFiles/f407_drive_remake.elf.dir/Drivers/STM32F4xx_HAL_Driver/Src/stm32f4xx_ll_usb.c.obj
                0x08002b64                USB_DevDisconnect
 .text.USB_GetMode
                0x08002b80        0x8 CMakeFiles/f407_drive_remake.elf.dir/Drivers/STM32F4xx_HAL_Driver/Src/stm32f4xx_ll_usb.c.obj
                0x08002b80                USB_GetMode
 .text.USB_SetCurrentMode
                0x08002b88       0x62 CMakeFiles/f407_drive_remake.elf.dir/Drivers/STM32F4xx_HAL_Driver/Src/stm32f4xx_ll_usb.c.obj
                0x08002b88                USB_SetCurrentMode
 *fill*         0x08002bea        0x2 
 .text.__udivmoddi4
                0x08002bec      0x2bc C:/environment/arm-gnu-toolchain-13.3.rel1-mingw-w64-i686-arm-none-eabi/arm-gnu-toolchain-13.3.rel1-mingw-w64-i686-arm-none-eabi/bin/../lib/gcc/arm-none-eabi/13.3.1/thumb/v7e-m/nofp\libgcc.a(_udivmoddi4.o)
                0x08002bec                __udivmoddi4
 .text.memset   0x08002ea8       0xa4 C:/environment/arm-gnu-toolchain-13.3.rel1-mingw-w64-i686-arm-none-eabi/arm-gnu-toolchain-13.3.rel1-mingw-w64-i686-arm-none-eabi/bin/../lib/gcc/arm-none-eabi/13.3.1/thumb/v7e-m/nofp\libc.a(libc_a-memset.o)
                0x08002ea8                memset
 .text.__libc_init_array
                0x08002f4c       0x50 C:/environment/arm-gnu-toolchain-13.3.rel1-mingw-w64-i686-arm-none-eabi/arm-gnu-toolchain-13.3.rel1-mingw-w64-i686-arm-none-eabi/bin/../lib/gcc/arm-none-eabi/13.3.1/thumb/v7e-m/nofp\libc.a(libc_a-init.o)
                0x08002f4c                __libc_init_array
 .text.__retarget_lock_acquire_recursive
                0x08002f9c        0x4 C:/environment/arm-gnu-toolchain-13.3.rel1-mingw-w64-i686-arm-none-eabi/arm-gnu-toolchain-13.3.rel1-mingw-w64-i686-arm-none-eabi/bin/../lib/gcc/arm-none-eabi/13.3.1/thumb/v7e-m/nofp\libc.a(libc_a-lock.o)
                0x08002f9c                __retarget_lock_acquire_recursive
 .text.__retarget_lock_release_recursive
                0x08002fa0        0x4 C:/environment/arm-gnu-toolchain-13.3.rel1-mingw-w64-i686-arm-none-eabi/arm-gnu-toolchain-13.3.rel1-mingw-w64-i686-arm-none-eabi/bin/../lib/gcc/arm-none-eabi/13.3.1/thumb/v7e-m/nofp\libc.a(libc_a-lock.o)
                0x08002fa0                __retarget_lock_release_recursive
 .text.startup.register_fini
                0x08002fa4       0x14 C:/environment/arm-gnu-toolchain-13.3.rel1-mingw-w64-i686-arm-none-eabi/arm-gnu-toolchain-13.3.rel1-mingw-w64-i686-arm-none-eabi/bin/../lib/gcc/arm-none-eabi/13.3.1/thumb/v7e-m/nofp\libc.a(libc_a-__call_atexit.o)
 .text.atexit   0x08002fb8        0xc C:/environment/arm-gnu-toolchain-13.3.rel1-mingw-w64-i686-arm-none-eabi/arm-gnu-toolchain-13.3.rel1-mingw-w64-i686-arm-none-eabi/bin/../lib/gcc/arm-none-eabi/13.3.1/thumb/v7e-m/nofp\libc.a(libc_a-atexit.o)
                0x08002fb8                atexit
 .text.__libc_fini_array
                0x08002fc4       0x28 C:/environment/arm-gnu-toolchain-13.3.rel1-mingw-w64-i686-arm-none-eabi/arm-gnu-toolchain-13.3.rel1-mingw-w64-i686-arm-none-eabi/bin/../lib/gcc/arm-none-eabi/13.3.1/thumb/v7e-m/nofp\libc.a(libc_a-fini.o)
                0x08002fc4                __libc_fini_array
 .text.__register_exitproc
                0x08002fec       0x80 C:/environment/arm-gnu-toolchain-13.3.rel1-mingw-w64-i686-arm-none-eabi/arm-gnu-toolchain-13.3.rel1-mingw-w64-i686-arm-none-eabi/bin/../lib/gcc/arm-none-eabi/13.3.1/thumb/v7e-m/nofp\libc.a(libc_a-__atexit.o)
                0x08002fec                __register_exitproc
 *(.glue_7)
 .glue_7        0x0800306c        0x0 linker stubs
 *(.glue_7t)
 .glue_7t       0x0800306c        0x0 linker stubs
 *(.eh_frame)
 .eh_frame      0x0800306c        0x0 C:/environment/arm-gnu-toolchain-13.3.rel1-mingw-w64-i686-arm-none-eabi/arm-gnu-toolchain-13.3.rel1-mingw-w64-i686-arm-none-eabi/bin/../lib/gcc/arm-none-eabi/13.3.1/thumb/v7e-m/nofp/crtbegin.o
 *(.init)
 .init          0x0800306c        0x4 C:/environment/arm-gnu-toolchain-13.3.rel1-mingw-w64-i686-arm-none-eabi/arm-gnu-toolchain-13.3.rel1-mingw-w64-i686-arm-none-eabi/bin/../lib/gcc/arm-none-eabi/13.3.1/thumb/v7e-m/nofp/crti.o
                0x0800306c                _init
 .init          0x08003070        0x8 C:/environment/arm-gnu-toolchain-13.3.rel1-mingw-w64-i686-arm-none-eabi/arm-gnu-toolchain-13.3.rel1-mingw-w64-i686-arm-none-eabi/bin/../lib/gcc/arm-none-eabi/13.3.1/thumb/v7e-m/nofp/crtn.o
 *(.fini)
 .fini          0x08003078        0x4 C:/environment/arm-gnu-toolchain-13.3.rel1-mingw-w64-i686-arm-none-eabi/arm-gnu-toolchain-13.3.rel1-mingw-w64-i686-arm-none-eabi/bin/../lib/gcc/arm-none-eabi/13.3.1/thumb/v7e-m/nofp/crti.o
                0x08003078                _fini
 .fini          0x0800307c        0x8 C:/environment/arm-gnu-toolchain-13.3.rel1-mingw-w64-i686-arm-none-eabi/arm-gnu-toolchain-13.3.rel1-mingw-w64-i686-arm-none-eabi/bin/../lib/gcc/arm-none-eabi/13.3.1/thumb/v7e-m/nofp/crtn.o
                0x08003084                        . = ALIGN (0x4)
                0x08003084                        _etext = .

.vfp11_veneer   0x08003084        0x0
 .vfp11_veneer  0x08003084        0x0 linker stubs

.v4_bx          0x08003084        0x0
 .v4_bx         0x08003084        0x0 linker stubs

.iplt           0x08003084        0x0
 .iplt          0x08003084        0x0 C:/environment/arm-gnu-toolchain-13.3.rel1-mingw-w64-i686-arm-none-eabi/arm-gnu-toolchain-13.3.rel1-mingw-w64-i686-arm-none-eabi/bin/../lib/gcc/arm-none-eabi/13.3.1/thumb/v7e-m/nofp/crtbegin.o

.rodata         0x08003084       0x18
                0x08003084                        . = ALIGN (0x4)
 *(.rodata)
 *(.rodata*)
 .rodata.APBPrescTable
                0x08003084        0x8 CMakeFiles/f407_drive_remake.elf.dir/Core/Src/system_stm32f4xx.c.obj
                0x08003084                APBPrescTable
 .rodata.AHBPrescTable
                0x0800308c       0x10 CMakeFiles/f407_drive_remake.elf.dir/Core/Src/system_stm32f4xx.c.obj
                0x0800308c                AHBPrescTable
                0x0800309c                        . = ALIGN (0x4)

.ARM.extab      0x0800309c        0x0
                0x0800309c                        . = ALIGN (0x4)
 *(.ARM.extab* .gnu.linkonce.armextab.*)
                0x0800309c                        . = ALIGN (0x4)

.ARM            0x0800309c        0x8
                0x0800309c                        . = ALIGN (0x4)
                0x0800309c                        __exidx_start = .
 *(.ARM.exidx*)
 .ARM.exidx.text.__udivmoddi4
                0x0800309c        0x8 C:/environment/arm-gnu-toolchain-13.3.rel1-mingw-w64-i686-arm-none-eabi/arm-gnu-toolchain-13.3.rel1-mingw-w64-i686-arm-none-eabi/bin/../lib/gcc/arm-none-eabi/13.3.1/thumb/v7e-m/nofp\libgcc.a(_udivmoddi4.o)
                0x080030a4                        __exidx_end = .
                0x080030a4                        . = ALIGN (0x4)

.preinit_array  0x080030a4        0x0
                0x080030a4                        . = ALIGN (0x4)
                0x080030a4                        PROVIDE (__preinit_array_start = .)
 *(.preinit_array*)
                0x080030a4                        PROVIDE (__preinit_array_end = .)
                0x080030a4                        . = ALIGN (0x4)

.init_array     0x080030a4        0x8
                0x080030a4                        . = ALIGN (0x4)
                0x080030a4                        PROVIDE (__init_array_start = .)
 *(SORT_BY_NAME(.init_array.*))
 .init_array.00000
                0x080030a4        0x4 C:/environment/arm-gnu-toolchain-13.3.rel1-mingw-w64-i686-arm-none-eabi/arm-gnu-toolchain-13.3.rel1-mingw-w64-i686-arm-none-eabi/bin/../lib/gcc/arm-none-eabi/13.3.1/thumb/v7e-m/nofp\libc.a(libc_a-__call_atexit.o)
 *(.init_array*)
 .init_array    0x080030a8        0x4 C:/environment/arm-gnu-toolchain-13.3.rel1-mingw-w64-i686-arm-none-eabi/arm-gnu-toolchain-13.3.rel1-mingw-w64-i686-arm-none-eabi/bin/../lib/gcc/arm-none-eabi/13.3.1/thumb/v7e-m/nofp/crtbegin.o
                0x080030ac                        PROVIDE (__init_array_end = .)
                0x080030ac                        . = ALIGN (0x4)

.fini_array     0x080030ac        0x4
                0x080030ac                        . = ALIGN (0x4)
                0x080030ac                        PROVIDE (__fini_array_start = .)
 *(SORT_BY_NAME(.fini_array.*))
 *(.fini_array*)
 .fini_array    0x080030ac        0x4 C:/environment/arm-gnu-toolchain-13.3.rel1-mingw-w64-i686-arm-none-eabi/arm-gnu-toolchain-13.3.rel1-mingw-w64-i686-arm-none-eabi/bin/../lib/gcc/arm-none-eabi/13.3.1/thumb/v7e-m/nofp/crtbegin.o
                0x080030b0                        PROVIDE (__fini_array_end = .)
                0x080030b0                        . = ALIGN (0x4)
                0x080030b0                        _sidata = LOADADDR (.data)

.rel.dyn        0x080030b0        0x0
 .rel.iplt      0x080030b0        0x0 C:/environment/arm-gnu-toolchain-13.3.rel1-mingw-w64-i686-arm-none-eabi/arm-gnu-toolchain-13.3.rel1-mingw-w64-i686-arm-none-eabi/bin/../lib/gcc/arm-none-eabi/13.3.1/thumb/v7e-m/nofp/crtbegin.o

.data           0x20000000       0x10 load address 0x080030b0
                0x20000000                        . = ALIGN (0x4)
                0x20000000                        _sdata = .
 *(.data)
 *(.data*)
 .data.SystemCoreClock
                0x20000000        0x4 CMakeFiles/f407_drive_remake.elf.dir/Core/Src/system_stm32f4xx.c.obj
                0x20000000                SystemCoreClock
 .data.uwTickFreq
                0x20000004        0x1 CMakeFiles/f407_drive_remake.elf.dir/Drivers/STM32F4xx_HAL_Driver/Src/stm32f4xx_hal.c.obj
                0x20000004                uwTickFreq
 *fill*         0x20000005        0x3 
 .data.uwTickPrio
                0x20000008        0x4 CMakeFiles/f407_drive_remake.elf.dir/Drivers/STM32F4xx_HAL_Driver/Src/stm32f4xx_hal.c.obj
                0x20000008                uwTickPrio
 .data.__atexit_recursive_mutex
                0x2000000c        0x4 C:/environment/arm-gnu-toolchain-13.3.rel1-mingw-w64-i686-arm-none-eabi/arm-gnu-toolchain-13.3.rel1-mingw-w64-i686-arm-none-eabi/bin/../lib/gcc/arm-none-eabi/13.3.1/thumb/v7e-m/nofp\libc.a(libc_a-__call_atexit.o)
                0x2000000c                __atexit_recursive_mutex
 *(.RamFunc)
 *(.RamFunc*)
                0x20000010                        . = ALIGN (0x4)
                0x20000010                        _edata = .
                0x080030c0                        _siccmram = LOADADDR (.ccmram)

.tm_clone_table
                0x20000010        0x0 load address 0x080030c0
 .tm_clone_table
                0x20000010        0x0 C:/environment/arm-gnu-toolchain-13.3.rel1-mingw-w64-i686-arm-none-eabi/arm-gnu-toolchain-13.3.rel1-mingw-w64-i686-arm-none-eabi/bin/../lib/gcc/arm-none-eabi/13.3.1/thumb/v7e-m/nofp/crtbegin.o
 .tm_clone_table
                0x20000010        0x0 C:/environment/arm-gnu-toolchain-13.3.rel1-mingw-w64-i686-arm-none-eabi/arm-gnu-toolchain-13.3.rel1-mingw-w64-i686-arm-none-eabi/bin/../lib/gcc/arm-none-eabi/13.3.1/thumb/v7e-m/nofp/crtend.o

.igot.plt       0x20000010        0x0 load address 0x080030c0
 .igot.plt      0x20000010        0x0 C:/environment/arm-gnu-toolchain-13.3.rel1-mingw-w64-i686-arm-none-eabi/arm-gnu-toolchain-13.3.rel1-mingw-w64-i686-arm-none-eabi/bin/../lib/gcc/arm-none-eabi/13.3.1/thumb/v7e-m/nofp/crtbegin.o

.ccmram         0x10000000        0x0 load address 0x080030c0
                0x10000000                        . = ALIGN (0x4)
                0x10000000                        _sccmram = .
 *(.ccmram)
 *(.ccmram*)
                0x10000000                        . = ALIGN (0x4)
                0x10000000                        _eccmram = .
                0x10000000                        . = ALIGN (0x4)

.bss            0x20000010      0x940
                0x20000010                        _sbss = .
                0x20000010                        __bss_start__ = _sbss
 *(.bss)
 *(.bss*)
 .bss.completed.1
                0x20000010        0x1 C:/environment/arm-gnu-toolchain-13.3.rel1-mingw-w64-i686-arm-none-eabi/arm-gnu-toolchain-13.3.rel1-mingw-w64-i686-arm-none-eabi/bin/../lib/gcc/arm-none-eabi/13.3.1/thumb/v7e-m/nofp/crtbegin.o
 *fill*         0x20000011        0x3 
 .bss.object.0  0x20000014       0x18 C:/environment/arm-gnu-toolchain-13.3.rel1-mingw-w64-i686-arm-none-eabi/arm-gnu-toolchain-13.3.rel1-mingw-w64-i686-arm-none-eabi/bin/../lib/gcc/arm-none-eabi/13.3.1/thumb/v7e-m/nofp/crtbegin.o
 .bss.hadc3     0x2000002c       0x48 CMakeFiles/f407_drive_remake.elf.dir/Core/Src/adc.c.obj
                0x2000002c                hadc3
 .bss.hadc1     0x20000074       0x48 CMakeFiles/f407_drive_remake.elf.dir/Core/Src/adc.c.obj
                0x20000074                hadc1
 .bss.hi2c2     0x200000bc       0x54 CMakeFiles/f407_drive_remake.elf.dir/Core/Src/i2c.c.obj
                0x200000bc                hi2c2
 .bss.hspi2     0x20000110       0x58 CMakeFiles/f407_drive_remake.elf.dir/Core/Src/spi.c.obj
                0x20000110                hspi2
 .bss.htim8     0x20000168       0x48 CMakeFiles/f407_drive_remake.elf.dir/Core/Src/tim.c.obj
                0x20000168                htim8
 .bss.htim6     0x200001b0       0x48 CMakeFiles/f407_drive_remake.elf.dir/Core/Src/tim.c.obj
                0x200001b0                htim6
 .bss.htim1     0x200001f8       0x48 CMakeFiles/f407_drive_remake.elf.dir/Core/Src/tim.c.obj
                0x200001f8                htim1
 .bss.huart3    0x20000240       0x48 CMakeFiles/f407_drive_remake.elf.dir/Core/Src/usart.c.obj
                0x20000240                huart3
 .bss.huart1    0x20000288       0x48 CMakeFiles/f407_drive_remake.elf.dir/Core/Src/usart.c.obj
                0x20000288                huart1
 .bss.hpcd_USB_OTG_FS
                0x200002d0      0x4e4 CMakeFiles/f407_drive_remake.elf.dir/Core/Src/usb_otg.c.obj
                0x200002d0                hpcd_USB_OTG_FS
 .bss.uwTick    0x200007b4        0x4 CMakeFiles/f407_drive_remake.elf.dir/Drivers/STM32F4xx_HAL_Driver/Src/stm32f4xx_hal.c.obj
                0x200007b4                uwTick
 .bss.__lock___atexit_recursive_mutex
                0x200007b8        0x1 C:/environment/arm-gnu-toolchain-13.3.rel1-mingw-w64-i686-arm-none-eabi/arm-gnu-toolchain-13.3.rel1-mingw-w64-i686-arm-none-eabi/bin/../lib/gcc/arm-none-eabi/13.3.1/thumb/v7e-m/nofp\libc.a(libc_a-lock.o)
                0x200007b8                __lock___atexit_recursive_mutex
 *fill*         0x200007b9        0x3 
 .bss.__atexit  0x200007bc        0x4 C:/environment/arm-gnu-toolchain-13.3.rel1-mingw-w64-i686-arm-none-eabi/arm-gnu-toolchain-13.3.rel1-mingw-w64-i686-arm-none-eabi/bin/../lib/gcc/arm-none-eabi/13.3.1/thumb/v7e-m/nofp\libc.a(libc_a-__call_atexit.o)
                0x200007bc                __atexit
 .bss.__atexit0
                0x200007c0      0x190 C:/environment/arm-gnu-toolchain-13.3.rel1-mingw-w64-i686-arm-none-eabi/arm-gnu-toolchain-13.3.rel1-mingw-w64-i686-arm-none-eabi/bin/../lib/gcc/arm-none-eabi/13.3.1/thumb/v7e-m/nofp\libc.a(libc_a-__atexit.o)
                0x200007c0                __atexit0
 *(COMMON)
                0x20000950                        . = ALIGN (0x4)
                0x20000950                        _ebss = .
                0x20000950                        __bss_end__ = _ebss

._user_heap_stack
                0x20000950      0xc00
                0x20000950                        . = ALIGN (0x8)
                [!provide]                        PROVIDE (end = .)
                0x20000950                        PROVIDE (_end = .)
                0x20000d50                        . = (. + _Min_Heap_Size)
 *fill*         0x20000950      0x400 
                0x20001550                        . = (. + _Min_Stack_Size)
 *fill*         0x20000d50      0x800 
                0x20001550                        . = ALIGN (0x8)

/DISCARD/
 libc.a(*)
 libm.a(*)
 libgcc.a(*)

.ARM.attributes
                0x00000000       0x2a
 *(.ARM.attributes)
 .ARM.attributes
                0x00000000       0x1e C:/environment/arm-gnu-toolchain-13.3.rel1-mingw-w64-i686-arm-none-eabi/arm-gnu-toolchain-13.3.rel1-mingw-w64-i686-arm-none-eabi/bin/../lib/gcc/arm-none-eabi/13.3.1/thumb/v7e-m/nofp/crti.o
 .ARM.attributes
                0x0000001e       0x2e C:/environment/arm-gnu-toolchain-13.3.rel1-mingw-w64-i686-arm-none-eabi/arm-gnu-toolchain-13.3.rel1-mingw-w64-i686-arm-none-eabi/bin/../lib/gcc/arm-none-eabi/13.3.1/thumb/v7e-m/nofp/crtbegin.o
 .ARM.attributes
                0x0000004c       0x2e CMakeFiles/f407_drive_remake.elf.dir/Core/Src/adc.c.obj
 .ARM.attributes
                0x0000007a       0x2e CMakeFiles/f407_drive_remake.elf.dir/Core/Src/gpio.c.obj
 .ARM.attributes
                0x000000a8       0x2e CMakeFiles/f407_drive_remake.elf.dir/Core/Src/i2c.c.obj
 .ARM.attributes
                0x000000d6       0x2e CMakeFiles/f407_drive_remake.elf.dir/Core/Src/main.c.obj
 .ARM.attributes
                0x00000104       0x2e CMakeFiles/f407_drive_remake.elf.dir/Core/Src/spi.c.obj
 .ARM.attributes
                0x00000132       0x2e CMakeFiles/f407_drive_remake.elf.dir/Core/Src/stm32f4xx_hal_msp.c.obj
 .ARM.attributes
                0x00000160       0x2e CMakeFiles/f407_drive_remake.elf.dir/Core/Src/stm32f4xx_it.c.obj
 .ARM.attributes
                0x0000018e       0x2e CMakeFiles/f407_drive_remake.elf.dir/Core/Src/system_stm32f4xx.c.obj
 .ARM.attributes
                0x000001bc       0x2e CMakeFiles/f407_drive_remake.elf.dir/Core/Src/tim.c.obj
 .ARM.attributes
                0x000001ea       0x2e CMakeFiles/f407_drive_remake.elf.dir/Core/Src/usart.c.obj
 .ARM.attributes
                0x00000218       0x2e CMakeFiles/f407_drive_remake.elf.dir/Core/Src/usb_otg.c.obj
 .ARM.attributes
                0x00000246       0x21 CMakeFiles/f407_drive_remake.elf.dir/Core/Startup/startup_stm32f407igtx.s.obj
 .ARM.attributes
                0x00000267       0x2e CMakeFiles/f407_drive_remake.elf.dir/Drivers/STM32F4xx_HAL_Driver/Src/stm32f4xx_hal.c.obj
 .ARM.attributes
                0x00000295       0x2e CMakeFiles/f407_drive_remake.elf.dir/Drivers/STM32F4xx_HAL_Driver/Src/stm32f4xx_hal_adc.c.obj
 .ARM.attributes
                0x000002c3       0x2e CMakeFiles/f407_drive_remake.elf.dir/Drivers/STM32F4xx_HAL_Driver/Src/stm32f4xx_hal_cortex.c.obj
 .ARM.attributes
                0x000002f1       0x2e CMakeFiles/f407_drive_remake.elf.dir/Drivers/STM32F4xx_HAL_Driver/Src/stm32f4xx_hal_gpio.c.obj
 .ARM.attributes
                0x0000031f       0x2e CMakeFiles/f407_drive_remake.elf.dir/Drivers/STM32F4xx_HAL_Driver/Src/stm32f4xx_hal_i2c.c.obj
 .ARM.attributes
                0x0000034d       0x2e CMakeFiles/f407_drive_remake.elf.dir/Drivers/STM32F4xx_HAL_Driver/Src/stm32f4xx_hal_pcd.c.obj
 .ARM.attributes
                0x0000037b       0x2e CMakeFiles/f407_drive_remake.elf.dir/Drivers/STM32F4xx_HAL_Driver/Src/stm32f4xx_hal_rcc.c.obj
 .ARM.attributes
                0x000003a9       0x2e CMakeFiles/f407_drive_remake.elf.dir/Drivers/STM32F4xx_HAL_Driver/Src/stm32f4xx_hal_spi.c.obj
 .ARM.attributes
                0x000003d7       0x2e CMakeFiles/f407_drive_remake.elf.dir/Drivers/STM32F4xx_HAL_Driver/Src/stm32f4xx_hal_tim.c.obj
 .ARM.attributes
                0x00000405       0x2e CMakeFiles/f407_drive_remake.elf.dir/Drivers/STM32F4xx_HAL_Driver/Src/stm32f4xx_hal_tim_ex.c.obj
 .ARM.attributes
                0x00000433       0x2e CMakeFiles/f407_drive_remake.elf.dir/Drivers/STM32F4xx_HAL_Driver/Src/stm32f4xx_hal_uart.c.obj
 .ARM.attributes
                0x00000461       0x2e CMakeFiles/f407_drive_remake.elf.dir/Drivers/STM32F4xx_HAL_Driver/Src/stm32f4xx_ll_usb.c.obj
 .ARM.attributes
                0x0000048f       0x1e C:/environment/arm-gnu-toolchain-13.3.rel1-mingw-w64-i686-arm-none-eabi/arm-gnu-toolchain-13.3.rel1-mingw-w64-i686-arm-none-eabi/bin/../lib/gcc/arm-none-eabi/13.3.1/thumb/v7e-m/nofp\libgcc.a(_aeabi_uldivmod.o)
 .ARM.attributes
                0x000004ad       0x2e C:/environment/arm-gnu-toolchain-13.3.rel1-mingw-w64-i686-arm-none-eabi/arm-gnu-toolchain-13.3.rel1-mingw-w64-i686-arm-none-eabi/bin/../lib/gcc/arm-none-eabi/13.3.1/thumb/v7e-m/nofp\libgcc.a(_udivmoddi4.o)
 .ARM.attributes
                0x000004db       0x1e C:/environment/arm-gnu-toolchain-13.3.rel1-mingw-w64-i686-arm-none-eabi/arm-gnu-toolchain-13.3.rel1-mingw-w64-i686-arm-none-eabi/bin/../lib/gcc/arm-none-eabi/13.3.1/thumb/v7e-m/nofp\libgcc.a(_dvmd_tls.o)
 .ARM.attributes
                0x000004f9       0x2e C:/environment/arm-gnu-toolchain-13.3.rel1-mingw-w64-i686-arm-none-eabi/arm-gnu-toolchain-13.3.rel1-mingw-w64-i686-arm-none-eabi/bin/../lib/gcc/arm-none-eabi/13.3.1/thumb/v7e-m/nofp\libc.a(libc_a-memset.o)
 .ARM.attributes
                0x00000527       0x2e C:/environment/arm-gnu-toolchain-13.3.rel1-mingw-w64-i686-arm-none-eabi/arm-gnu-toolchain-13.3.rel1-mingw-w64-i686-arm-none-eabi/bin/../lib/gcc/arm-none-eabi/13.3.1/thumb/v7e-m/nofp\libc.a(libc_a-init.o)
 .ARM.attributes
                0x00000555       0x2e C:/environment/arm-gnu-toolchain-13.3.rel1-mingw-w64-i686-arm-none-eabi/arm-gnu-toolchain-13.3.rel1-mingw-w64-i686-arm-none-eabi/bin/../lib/gcc/arm-none-eabi/13.3.1/thumb/v7e-m/nofp\libc.a(libc_a-lock.o)
 .ARM.attributes
                0x00000583       0x2e C:/environment/arm-gnu-toolchain-13.3.rel1-mingw-w64-i686-arm-none-eabi/arm-gnu-toolchain-13.3.rel1-mingw-w64-i686-arm-none-eabi/bin/../lib/gcc/arm-none-eabi/13.3.1/thumb/v7e-m/nofp\libc.a(libc_a-__call_atexit.o)
 .ARM.attributes
                0x000005b1       0x2e C:/environment/arm-gnu-toolchain-13.3.rel1-mingw-w64-i686-arm-none-eabi/arm-gnu-toolchain-13.3.rel1-mingw-w64-i686-arm-none-eabi/bin/../lib/gcc/arm-none-eabi/13.3.1/thumb/v7e-m/nofp\libc.a(libc_a-atexit.o)
 .ARM.attributes
                0x000005df       0x2e C:/environment/arm-gnu-toolchain-13.3.rel1-mingw-w64-i686-arm-none-eabi/arm-gnu-toolchain-13.3.rel1-mingw-w64-i686-arm-none-eabi/bin/../lib/gcc/arm-none-eabi/13.3.1/thumb/v7e-m/nofp\libc.a(libc_a-fini.o)
 .ARM.attributes
                0x0000060d       0x2e C:/environment/arm-gnu-toolchain-13.3.rel1-mingw-w64-i686-arm-none-eabi/arm-gnu-toolchain-13.3.rel1-mingw-w64-i686-arm-none-eabi/bin/../lib/gcc/arm-none-eabi/13.3.1/thumb/v7e-m/nofp\libc.a(libc_a-__atexit.o)
 .ARM.attributes
                0x0000063b       0x2e C:/environment/arm-gnu-toolchain-13.3.rel1-mingw-w64-i686-arm-none-eabi/arm-gnu-toolchain-13.3.rel1-mingw-w64-i686-arm-none-eabi/bin/../lib/gcc/arm-none-eabi/13.3.1/thumb/v7e-m/nofp/crtend.o
 .ARM.attributes
                0x00000669       0x1e C:/environment/arm-gnu-toolchain-13.3.rel1-mingw-w64-i686-arm-none-eabi/arm-gnu-toolchain-13.3.rel1-mingw-w64-i686-arm-none-eabi/bin/../lib/gcc/arm-none-eabi/13.3.1/thumb/v7e-m/nofp/crtn.o
OUTPUT(f407_drive_remake.elf elf32-littlearm)
LOAD linker stubs
LOAD C:/environment/arm-gnu-toolchain-13.3.rel1-mingw-w64-i686-arm-none-eabi/arm-gnu-toolchain-13.3.rel1-mingw-w64-i686-arm-none-eabi/bin/../lib/gcc/arm-none-eabi/13.3.1/thumb/v7e-m/nofp\libc.a
LOAD C:/environment/arm-gnu-toolchain-13.3.rel1-mingw-w64-i686-arm-none-eabi/arm-gnu-toolchain-13.3.rel1-mingw-w64-i686-arm-none-eabi/bin/../lib/gcc/arm-none-eabi/13.3.1/thumb/v7e-m/nofp\libm.a
LOAD C:/environment/arm-gnu-toolchain-13.3.rel1-mingw-w64-i686-arm-none-eabi/arm-gnu-toolchain-13.3.rel1-mingw-w64-i686-arm-none-eabi/bin/../lib/gcc/arm-none-eabi/13.3.1/thumb/v7e-m/nofp\libgcc.a

.debug_info     0x00000000    0x1c15b
 .debug_info    0x00000000      0xbaf CMakeFiles/f407_drive_remake.elf.dir/Core/Src/adc.c.obj
 .debug_info    0x00000baf      0x4ce CMakeFiles/f407_drive_remake.elf.dir/Core/Src/gpio.c.obj
 .debug_info    0x0000107d      0x9db CMakeFiles/f407_drive_remake.elf.dir/Core/Src/i2c.c.obj
 .debug_info    0x00001a58      0x5d6 CMakeFiles/f407_drive_remake.elf.dir/Core/Src/main.c.obj
 .debug_info    0x0000202e      0x99f CMakeFiles/f407_drive_remake.elf.dir/Core/Src/spi.c.obj
 .debug_info    0x000029cd      0x265 CMakeFiles/f407_drive_remake.elf.dir/Core/Src/stm32f4xx_hal_msp.c.obj
 .debug_info    0x00002c32      0x77c CMakeFiles/f407_drive_remake.elf.dir/Core/Src/stm32f4xx_it.c.obj
 .debug_info    0x000033ae      0x334 CMakeFiles/f407_drive_remake.elf.dir/Core/Src/system_stm32f4xx.c.obj
 .debug_info    0x000036e2     0x1550 CMakeFiles/f407_drive_remake.elf.dir/Core/Src/tim.c.obj
 .debug_info    0x00004c32      0xa34 CMakeFiles/f407_drive_remake.elf.dir/Core/Src/usart.c.obj
 .debug_info    0x00005666      0x98f CMakeFiles/f407_drive_remake.elf.dir/Core/Src/usb_otg.c.obj
 .debug_info    0x00005ff5       0x30 CMakeFiles/f407_drive_remake.elf.dir/Core/Startup/startup_stm32f407igtx.s.obj
 .debug_info    0x00006025      0x9e2 CMakeFiles/f407_drive_remake.elf.dir/Drivers/STM32F4xx_HAL_Driver/Src/stm32f4xx_hal.c.obj
 .debug_info    0x00006a07      0xe82 CMakeFiles/f407_drive_remake.elf.dir/Drivers/STM32F4xx_HAL_Driver/Src/stm32f4xx_hal_adc.c.obj
 .debug_info    0x00007889      0xfc2 CMakeFiles/f407_drive_remake.elf.dir/Drivers/STM32F4xx_HAL_Driver/Src/stm32f4xx_hal_cortex.c.obj
 .debug_info    0x0000884b      0x704 CMakeFiles/f407_drive_remake.elf.dir/Drivers/STM32F4xx_HAL_Driver/Src/stm32f4xx_hal_gpio.c.obj
 .debug_info    0x00008f4f     0x3805 CMakeFiles/f407_drive_remake.elf.dir/Drivers/STM32F4xx_HAL_Driver/Src/stm32f4xx_hal_i2c.c.obj
 .debug_info    0x0000c754     0x1c14 CMakeFiles/f407_drive_remake.elf.dir/Drivers/STM32F4xx_HAL_Driver/Src/stm32f4xx_hal_pcd.c.obj
 .debug_info    0x0000e368      0xa6f CMakeFiles/f407_drive_remake.elf.dir/Drivers/STM32F4xx_HAL_Driver/Src/stm32f4xx_hal_rcc.c.obj
 .debug_info    0x0000edd7     0x1dc3 CMakeFiles/f407_drive_remake.elf.dir/Drivers/STM32F4xx_HAL_Driver/Src/stm32f4xx_hal_spi.c.obj
 .debug_info    0x00010b9a     0x3c53 CMakeFiles/f407_drive_remake.elf.dir/Drivers/STM32F4xx_HAL_Driver/Src/stm32f4xx_hal_tim.c.obj
 .debug_info    0x000147ed     0x1aec CMakeFiles/f407_drive_remake.elf.dir/Drivers/STM32F4xx_HAL_Driver/Src/stm32f4xx_hal_tim_ex.c.obj
 .debug_info    0x000162d9     0x4000 CMakeFiles/f407_drive_remake.elf.dir/Drivers/STM32F4xx_HAL_Driver/Src/stm32f4xx_hal_uart.c.obj
 .debug_info    0x0001a2d9     0x1e82 CMakeFiles/f407_drive_remake.elf.dir/Drivers/STM32F4xx_HAL_Driver/Src/stm32f4xx_ll_usb.c.obj

.debug_abbrev   0x00000000     0x34a7
 .debug_abbrev  0x00000000      0x215 CMakeFiles/f407_drive_remake.elf.dir/Core/Src/adc.c.obj
 .debug_abbrev  0x00000215      0x164 CMakeFiles/f407_drive_remake.elf.dir/Core/Src/gpio.c.obj
 .debug_abbrev  0x00000379      0x20f CMakeFiles/f407_drive_remake.elf.dir/Core/Src/i2c.c.obj
 .debug_abbrev  0x00000588      0x1e8 CMakeFiles/f407_drive_remake.elf.dir/Core/Src/main.c.obj
 .debug_abbrev  0x00000770      0x211 CMakeFiles/f407_drive_remake.elf.dir/Core/Src/spi.c.obj
 .debug_abbrev  0x00000981       0xd6 CMakeFiles/f407_drive_remake.elf.dir/Core/Src/stm32f4xx_hal_msp.c.obj
 .debug_abbrev  0x00000a57      0x1b8 CMakeFiles/f407_drive_remake.elf.dir/Core/Src/stm32f4xx_it.c.obj
 .debug_abbrev  0x00000c0f      0x120 CMakeFiles/f407_drive_remake.elf.dir/Core/Src/system_stm32f4xx.c.obj
 .debug_abbrev  0x00000d2f      0x285 CMakeFiles/f407_drive_remake.elf.dir/Core/Src/tim.c.obj
 .debug_abbrev  0x00000fb4      0x21b CMakeFiles/f407_drive_remake.elf.dir/Core/Src/usart.c.obj
 .debug_abbrev  0x000011cf      0x237 CMakeFiles/f407_drive_remake.elf.dir/Core/Src/usb_otg.c.obj
 .debug_abbrev  0x00001406       0x24 CMakeFiles/f407_drive_remake.elf.dir/Core/Startup/startup_stm32f407igtx.s.obj
 .debug_abbrev  0x0000142a      0x240 CMakeFiles/f407_drive_remake.elf.dir/Drivers/STM32F4xx_HAL_Driver/Src/stm32f4xx_hal.c.obj
 .debug_abbrev  0x0000166a      0x278 CMakeFiles/f407_drive_remake.elf.dir/Drivers/STM32F4xx_HAL_Driver/Src/stm32f4xx_hal_adc.c.obj
 .debug_abbrev  0x000018e2      0x39c CMakeFiles/f407_drive_remake.elf.dir/Drivers/STM32F4xx_HAL_Driver/Src/stm32f4xx_hal_cortex.c.obj
 .debug_abbrev  0x00001c7e      0x202 CMakeFiles/f407_drive_remake.elf.dir/Drivers/STM32F4xx_HAL_Driver/Src/stm32f4xx_hal_gpio.c.obj
 .debug_abbrev  0x00001e80      0x2c3 CMakeFiles/f407_drive_remake.elf.dir/Drivers/STM32F4xx_HAL_Driver/Src/stm32f4xx_hal_i2c.c.obj
 .debug_abbrev  0x00002143      0x2db CMakeFiles/f407_drive_remake.elf.dir/Drivers/STM32F4xx_HAL_Driver/Src/stm32f4xx_hal_pcd.c.obj
 .debug_abbrev  0x0000241e      0x2c6 CMakeFiles/f407_drive_remake.elf.dir/Drivers/STM32F4xx_HAL_Driver/Src/stm32f4xx_hal_rcc.c.obj
 .debug_abbrev  0x000026e4      0x28b CMakeFiles/f407_drive_remake.elf.dir/Drivers/STM32F4xx_HAL_Driver/Src/stm32f4xx_hal_spi.c.obj
 .debug_abbrev  0x0000296f      0x271 CMakeFiles/f407_drive_remake.elf.dir/Drivers/STM32F4xx_HAL_Driver/Src/stm32f4xx_hal_tim.c.obj
 .debug_abbrev  0x00002be0      0x26f CMakeFiles/f407_drive_remake.elf.dir/Drivers/STM32F4xx_HAL_Driver/Src/stm32f4xx_hal_tim_ex.c.obj
 .debug_abbrev  0x00002e4f      0x32f CMakeFiles/f407_drive_remake.elf.dir/Drivers/STM32F4xx_HAL_Driver/Src/stm32f4xx_hal_uart.c.obj
 .debug_abbrev  0x0000317e      0x329 CMakeFiles/f407_drive_remake.elf.dir/Drivers/STM32F4xx_HAL_Driver/Src/stm32f4xx_ll_usb.c.obj

.debug_loclists
                0x00000000    0x10396
 .debug_loclists
                0x00000000       0xa9 CMakeFiles/f407_drive_remake.elf.dir/Core/Src/adc.c.obj
 .debug_loclists
                0x000000a9       0x5d CMakeFiles/f407_drive_remake.elf.dir/Core/Src/i2c.c.obj
 .debug_loclists
                0x00000106       0x74 CMakeFiles/f407_drive_remake.elf.dir/Core/Src/spi.c.obj
 .debug_loclists
                0x0000017a       0xfa CMakeFiles/f407_drive_remake.elf.dir/Core/Src/system_stm32f4xx.c.obj
 .debug_loclists
                0x00000274       0xf1 CMakeFiles/f407_drive_remake.elf.dir/Core/Src/tim.c.obj
 .debug_loclists
                0x00000365       0xa5 CMakeFiles/f407_drive_remake.elf.dir/Core/Src/usart.c.obj
 .debug_loclists
                0x0000040a       0x74 CMakeFiles/f407_drive_remake.elf.dir/Core/Src/usb_otg.c.obj
 .debug_loclists
                0x0000047e       0xe1 CMakeFiles/f407_drive_remake.elf.dir/Drivers/STM32F4xx_HAL_Driver/Src/stm32f4xx_hal.c.obj
 .debug_loclists
                0x0000055f      0x920 CMakeFiles/f407_drive_remake.elf.dir/Drivers/STM32F4xx_HAL_Driver/Src/stm32f4xx_hal_adc.c.obj
 .debug_loclists
                0x00000e7f      0x54d CMakeFiles/f407_drive_remake.elf.dir/Drivers/STM32F4xx_HAL_Driver/Src/stm32f4xx_hal_cortex.c.obj
 .debug_loclists
                0x000013cc      0x386 CMakeFiles/f407_drive_remake.elf.dir/Drivers/STM32F4xx_HAL_Driver/Src/stm32f4xx_hal_gpio.c.obj
 .debug_loclists
                0x00001752     0x31cc CMakeFiles/f407_drive_remake.elf.dir/Drivers/STM32F4xx_HAL_Driver/Src/stm32f4xx_hal_i2c.c.obj
 .debug_loclists
                0x0000491e      0xdb0 CMakeFiles/f407_drive_remake.elf.dir/Drivers/STM32F4xx_HAL_Driver/Src/stm32f4xx_hal_pcd.c.obj
 .debug_loclists
                0x000056ce      0x3e5 CMakeFiles/f407_drive_remake.elf.dir/Drivers/STM32F4xx_HAL_Driver/Src/stm32f4xx_hal_rcc.c.obj
 .debug_loclists
                0x00005ab3     0x17c3 CMakeFiles/f407_drive_remake.elf.dir/Drivers/STM32F4xx_HAL_Driver/Src/stm32f4xx_hal_spi.c.obj
 .debug_loclists
                0x00007276     0x37aa CMakeFiles/f407_drive_remake.elf.dir/Drivers/STM32F4xx_HAL_Driver/Src/stm32f4xx_hal_tim.c.obj
 .debug_loclists
                0x0000aa20     0x13ec CMakeFiles/f407_drive_remake.elf.dir/Drivers/STM32F4xx_HAL_Driver/Src/stm32f4xx_hal_tim_ex.c.obj
 .debug_loclists
                0x0000be0c     0x2c89 CMakeFiles/f407_drive_remake.elf.dir/Drivers/STM32F4xx_HAL_Driver/Src/stm32f4xx_hal_uart.c.obj
 .debug_loclists
                0x0000ea95     0x1901 CMakeFiles/f407_drive_remake.elf.dir/Drivers/STM32F4xx_HAL_Driver/Src/stm32f4xx_ll_usb.c.obj

.debug_aranges  0x00000000     0x14d0
 .debug_aranges
                0x00000000       0x38 CMakeFiles/f407_drive_remake.elf.dir/Core/Src/adc.c.obj
 .debug_aranges
                0x00000038       0x20 CMakeFiles/f407_drive_remake.elf.dir/Core/Src/gpio.c.obj
 .debug_aranges
                0x00000058       0x30 CMakeFiles/f407_drive_remake.elf.dir/Core/Src/i2c.c.obj
 .debug_aranges
                0x00000088       0x30 CMakeFiles/f407_drive_remake.elf.dir/Core/Src/main.c.obj
 .debug_aranges
                0x000000b8       0x30 CMakeFiles/f407_drive_remake.elf.dir/Core/Src/spi.c.obj
 .debug_aranges
                0x000000e8       0x20 CMakeFiles/f407_drive_remake.elf.dir/Core/Src/stm32f4xx_hal_msp.c.obj
 .debug_aranges
                0x00000108       0x88 CMakeFiles/f407_drive_remake.elf.dir/Core/Src/stm32f4xx_it.c.obj
 .debug_aranges
                0x00000190       0x28 CMakeFiles/f407_drive_remake.elf.dir/Core/Src/system_stm32f4xx.c.obj
 .debug_aranges
                0x000001b8       0x48 CMakeFiles/f407_drive_remake.elf.dir/Core/Src/tim.c.obj
 .debug_aranges
                0x00000200       0x38 CMakeFiles/f407_drive_remake.elf.dir/Core/Src/usart.c.obj
 .debug_aranges
                0x00000238       0x30 CMakeFiles/f407_drive_remake.elf.dir/Core/Src/usb_otg.c.obj
 .debug_aranges
                0x00000268       0x28 CMakeFiles/f407_drive_remake.elf.dir/Core/Startup/startup_stm32f407igtx.s.obj
 .debug_aranges
                0x00000290       0xf0 CMakeFiles/f407_drive_remake.elf.dir/Drivers/STM32F4xx_HAL_Driver/Src/stm32f4xx_hal.c.obj
 .debug_aranges
                0x00000380       0xe8 CMakeFiles/f407_drive_remake.elf.dir/Drivers/STM32F4xx_HAL_Driver/Src/stm32f4xx_hal_adc.c.obj
 .debug_aranges
                0x00000468       0xe8 CMakeFiles/f407_drive_remake.elf.dir/Drivers/STM32F4xx_HAL_Driver/Src/stm32f4xx_hal_cortex.c.obj
 .debug_aranges
                0x00000550       0x58 CMakeFiles/f407_drive_remake.elf.dir/Drivers/STM32F4xx_HAL_Driver/Src/stm32f4xx_hal_gpio.c.obj
 .debug_aranges
                0x000005a8      0x2a8 CMakeFiles/f407_drive_remake.elf.dir/Drivers/STM32F4xx_HAL_Driver/Src/stm32f4xx_hal_i2c.c.obj
 .debug_aranges
                0x00000850      0x148 CMakeFiles/f407_drive_remake.elf.dir/Drivers/STM32F4xx_HAL_Driver/Src/stm32f4xx_hal_pcd.c.obj
 .debug_aranges
                0x00000998       0x88 CMakeFiles/f407_drive_remake.elf.dir/Drivers/STM32F4xx_HAL_Driver/Src/stm32f4xx_hal_rcc.c.obj
 .debug_aranges
                0x00000a20      0x1d0 CMakeFiles/f407_drive_remake.elf.dir/Drivers/STM32F4xx_HAL_Driver/Src/stm32f4xx_hal_spi.c.obj
 .debug_aranges
                0x00000bf0      0x3d0 CMakeFiles/f407_drive_remake.elf.dir/Drivers/STM32F4xx_HAL_Driver/Src/stm32f4xx_hal_tim.c.obj
 .debug_aranges
                0x00000fc0      0x168 CMakeFiles/f407_drive_remake.elf.dir/Drivers/STM32F4xx_HAL_Driver/Src/stm32f4xx_hal_tim_ex.c.obj
 .debug_aranges
                0x00001128      0x208 CMakeFiles/f407_drive_remake.elf.dir/Drivers/STM32F4xx_HAL_Driver/Src/stm32f4xx_hal_uart.c.obj
 .debug_aranges
                0x00001330      0x1a0 CMakeFiles/f407_drive_remake.elf.dir/Drivers/STM32F4xx_HAL_Driver/Src/stm32f4xx_ll_usb.c.obj

.debug_rnglists
                0x00000000     0x100b
 .debug_rnglists
                0x00000000       0x26 CMakeFiles/f407_drive_remake.elf.dir/Core/Src/adc.c.obj
 .debug_rnglists
                0x00000026       0x14 CMakeFiles/f407_drive_remake.elf.dir/Core/Src/gpio.c.obj
 .debug_rnglists
                0x0000003a       0x1f CMakeFiles/f407_drive_remake.elf.dir/Core/Src/i2c.c.obj
 .debug_rnglists
                0x00000059       0x20 CMakeFiles/f407_drive_remake.elf.dir/Core/Src/main.c.obj
 .debug_rnglists
                0x00000079       0x1f CMakeFiles/f407_drive_remake.elf.dir/Core/Src/spi.c.obj
 .debug_rnglists
                0x00000098       0x13 CMakeFiles/f407_drive_remake.elf.dir/Core/Src/stm32f4xx_hal_msp.c.obj
 .debug_rnglists
                0x000000ab       0x61 CMakeFiles/f407_drive_remake.elf.dir/Core/Src/stm32f4xx_it.c.obj
 .debug_rnglists
                0x0000010c       0x1a CMakeFiles/f407_drive_remake.elf.dir/Core/Src/system_stm32f4xx.c.obj
 .debug_rnglists
                0x00000126       0x35 CMakeFiles/f407_drive_remake.elf.dir/Core/Src/tim.c.obj
 .debug_rnglists
                0x0000015b       0x26 CMakeFiles/f407_drive_remake.elf.dir/Core/Src/usart.c.obj
 .debug_rnglists
                0x00000181       0x1f CMakeFiles/f407_drive_remake.elf.dir/Core/Src/usb_otg.c.obj
 .debug_rnglists
                0x000001a0       0x19 CMakeFiles/f407_drive_remake.elf.dir/Core/Startup/startup_stm32f407igtx.s.obj
 .debug_rnglists
                0x000001b9       0xaf CMakeFiles/f407_drive_remake.elf.dir/Drivers/STM32F4xx_HAL_Driver/Src/stm32f4xx_hal.c.obj
 .debug_rnglists
                0x00000268       0xb0 CMakeFiles/f407_drive_remake.elf.dir/Drivers/STM32F4xx_HAL_Driver/Src/stm32f4xx_hal_adc.c.obj
 .debug_rnglists
                0x00000318       0xa9 CMakeFiles/f407_drive_remake.elf.dir/Drivers/STM32F4xx_HAL_Driver/Src/stm32f4xx_hal_cortex.c.obj
 .debug_rnglists
                0x000003c1       0x3f CMakeFiles/f407_drive_remake.elf.dir/Drivers/STM32F4xx_HAL_Driver/Src/stm32f4xx_hal_gpio.c.obj
 .debug_rnglists
                0x00000400      0x236 CMakeFiles/f407_drive_remake.elf.dir/Drivers/STM32F4xx_HAL_Driver/Src/stm32f4xx_hal_i2c.c.obj
 .debug_rnglists
                0x00000636       0xf7 CMakeFiles/f407_drive_remake.elf.dir/Drivers/STM32F4xx_HAL_Driver/Src/stm32f4xx_hal_pcd.c.obj
 .debug_rnglists
                0x0000072d       0x75 CMakeFiles/f407_drive_remake.elf.dir/Drivers/STM32F4xx_HAL_Driver/Src/stm32f4xx_hal_rcc.c.obj
 .debug_rnglists
                0x000007a2      0x16a CMakeFiles/f407_drive_remake.elf.dir/Drivers/STM32F4xx_HAL_Driver/Src/stm32f4xx_hal_spi.c.obj
 .debug_rnglists
                0x0000090c      0x302 CMakeFiles/f407_drive_remake.elf.dir/Drivers/STM32F4xx_HAL_Driver/Src/stm32f4xx_hal_tim.c.obj
 .debug_rnglists
                0x00000c0e      0x11b CMakeFiles/f407_drive_remake.elf.dir/Drivers/STM32F4xx_HAL_Driver/Src/stm32f4xx_hal_tim_ex.c.obj
 .debug_rnglists
                0x00000d29      0x1a1 CMakeFiles/f407_drive_remake.elf.dir/Drivers/STM32F4xx_HAL_Driver/Src/stm32f4xx_hal_uart.c.obj
 .debug_rnglists
                0x00000eca      0x141 CMakeFiles/f407_drive_remake.elf.dir/Drivers/STM32F4xx_HAL_Driver/Src/stm32f4xx_ll_usb.c.obj

.debug_line     0x00000000    0x1ae31
 .debug_line    0x00000000      0x55d CMakeFiles/f407_drive_remake.elf.dir/Core/Src/adc.c.obj
 .debug_line    0x0000055d      0x2da CMakeFiles/f407_drive_remake.elf.dir/Core/Src/gpio.c.obj
 .debug_line    0x00000837      0x3d2 CMakeFiles/f407_drive_remake.elf.dir/Core/Src/i2c.c.obj
 .debug_line    0x00000c09      0x457 CMakeFiles/f407_drive_remake.elf.dir/Core/Src/main.c.obj
 .debug_line    0x00001060      0x3e8 CMakeFiles/f407_drive_remake.elf.dir/Core/Src/spi.c.obj
 .debug_line    0x00001448      0x22a CMakeFiles/f407_drive_remake.elf.dir/Core/Src/stm32f4xx_hal_msp.c.obj
 .debug_line    0x00001672      0x3e3 CMakeFiles/f407_drive_remake.elf.dir/Core/Src/stm32f4xx_it.c.obj
 .debug_line    0x00001a55      0x2f2 CMakeFiles/f407_drive_remake.elf.dir/Core/Src/system_stm32f4xx.c.obj
 .debug_line    0x00001d47      0x82e CMakeFiles/f407_drive_remake.elf.dir/Core/Src/tim.c.obj
 .debug_line    0x00002575      0x48a CMakeFiles/f407_drive_remake.elf.dir/Core/Src/usart.c.obj
 .debug_line    0x000029ff      0x3fb CMakeFiles/f407_drive_remake.elf.dir/Core/Src/usb_otg.c.obj
 .debug_line    0x00002dfa       0x7a CMakeFiles/f407_drive_remake.elf.dir/Core/Startup/startup_stm32f407igtx.s.obj
 .debug_line    0x00002e74      0x66f CMakeFiles/f407_drive_remake.elf.dir/Drivers/STM32F4xx_HAL_Driver/Src/stm32f4xx_hal.c.obj
 .debug_line    0x000034e3     0x119b CMakeFiles/f407_drive_remake.elf.dir/Drivers/STM32F4xx_HAL_Driver/Src/stm32f4xx_hal_adc.c.obj
 .debug_line    0x0000467e      0x917 CMakeFiles/f407_drive_remake.elf.dir/Drivers/STM32F4xx_HAL_Driver/Src/stm32f4xx_hal_cortex.c.obj
 .debug_line    0x00004f95      0x7e3 CMakeFiles/f407_drive_remake.elf.dir/Drivers/STM32F4xx_HAL_Driver/Src/stm32f4xx_hal_gpio.c.obj
 .debug_line    0x00005778     0x555f CMakeFiles/f407_drive_remake.elf.dir/Drivers/STM32F4xx_HAL_Driver/Src/stm32f4xx_hal_i2c.c.obj
 .debug_line    0x0000acd7     0x153c CMakeFiles/f407_drive_remake.elf.dir/Drivers/STM32F4xx_HAL_Driver/Src/stm32f4xx_hal_pcd.c.obj
 .debug_line    0x0000c213      0xc72 CMakeFiles/f407_drive_remake.elf.dir/Drivers/STM32F4xx_HAL_Driver/Src/stm32f4xx_hal_rcc.c.obj
 .debug_line    0x0000ce85     0x2593 CMakeFiles/f407_drive_remake.elf.dir/Drivers/STM32F4xx_HAL_Driver/Src/stm32f4xx_hal_spi.c.obj
 .debug_line    0x0000f418     0x485c CMakeFiles/f407_drive_remake.elf.dir/Drivers/STM32F4xx_HAL_Driver/Src/stm32f4xx_hal_tim.c.obj
 .debug_line    0x00013c74     0x1ba5 CMakeFiles/f407_drive_remake.elf.dir/Drivers/STM32F4xx_HAL_Driver/Src/stm32f4xx_hal_tim_ex.c.obj
 .debug_line    0x00015819     0x35c5 CMakeFiles/f407_drive_remake.elf.dir/Drivers/STM32F4xx_HAL_Driver/Src/stm32f4xx_hal_uart.c.obj
 .debug_line    0x00018dde     0x2053 CMakeFiles/f407_drive_remake.elf.dir/Drivers/STM32F4xx_HAL_Driver/Src/stm32f4xx_ll_usb.c.obj

.debug_str      0x00000000     0x62f0
 .debug_str     0x00000000     0x62f0 CMakeFiles/f407_drive_remake.elf.dir/Core/Src/adc.c.obj
                                0x81c (size before relaxing)
 .debug_str     0x000062f0      0x396 CMakeFiles/f407_drive_remake.elf.dir/Core/Src/gpio.c.obj
 .debug_str     0x000062f0      0x8c6 CMakeFiles/f407_drive_remake.elf.dir/Core/Src/i2c.c.obj
 .debug_str     0x000062f0      0x544 CMakeFiles/f407_drive_remake.elf.dir/Core/Src/main.c.obj
 .debug_str     0x000062f0      0x823 CMakeFiles/f407_drive_remake.elf.dir/Core/Src/spi.c.obj
 .debug_str     0x000062f0      0x2d7 CMakeFiles/f407_drive_remake.elf.dir/Core/Src/stm32f4xx_hal_msp.c.obj
 .debug_str     0x000062f0      0x817 CMakeFiles/f407_drive_remake.elf.dir/Core/Src/stm32f4xx_it.c.obj
 .debug_str     0x000062f0      0x33d CMakeFiles/f407_drive_remake.elf.dir/Core/Src/system_stm32f4xx.c.obj
 .debug_str     0x000062f0     0x10e4 CMakeFiles/f407_drive_remake.elf.dir/Core/Src/tim.c.obj
 .debug_str     0x000062f0      0x86d CMakeFiles/f407_drive_remake.elf.dir/Core/Src/usart.c.obj
 .debug_str     0x000062f0      0x7eb CMakeFiles/f407_drive_remake.elf.dir/Core/Src/usb_otg.c.obj
 .debug_str     0x000062f0       0x90 CMakeFiles/f407_drive_remake.elf.dir/Core/Startup/startup_stm32f407igtx.s.obj
 .debug_str     0x000062f0      0xb80 CMakeFiles/f407_drive_remake.elf.dir/Drivers/STM32F4xx_HAL_Driver/Src/stm32f4xx_hal.c.obj
 .debug_str     0x000062f0      0x97e CMakeFiles/f407_drive_remake.elf.dir/Drivers/STM32F4xx_HAL_Driver/Src/stm32f4xx_hal_adc.c.obj
 .debug_str     0x000062f0      0xc5f CMakeFiles/f407_drive_remake.elf.dir/Drivers/STM32F4xx_HAL_Driver/Src/stm32f4xx_hal_cortex.c.obj
 .debug_str     0x000062f0      0x4fc CMakeFiles/f407_drive_remake.elf.dir/Drivers/STM32F4xx_HAL_Driver/Src/stm32f4xx_hal_gpio.c.obj
 .debug_str     0x000062f0     0x1059 CMakeFiles/f407_drive_remake.elf.dir/Drivers/STM32F4xx_HAL_Driver/Src/stm32f4xx_hal_i2c.c.obj
 .debug_str     0x000062f0      0xe21 CMakeFiles/f407_drive_remake.elf.dir/Drivers/STM32F4xx_HAL_Driver/Src/stm32f4xx_hal_pcd.c.obj
 .debug_str     0x000062f0      0x722 CMakeFiles/f407_drive_remake.elf.dir/Drivers/STM32F4xx_HAL_Driver/Src/stm32f4xx_hal_rcc.c.obj
 .debug_str     0x000062f0      0xc16 CMakeFiles/f407_drive_remake.elf.dir/Drivers/STM32F4xx_HAL_Driver/Src/stm32f4xx_hal_spi.c.obj
 .debug_str     0x000062f0     0x171b CMakeFiles/f407_drive_remake.elf.dir/Drivers/STM32F4xx_HAL_Driver/Src/stm32f4xx_hal_tim.c.obj
 .debug_str     0x000062f0      0xf27 CMakeFiles/f407_drive_remake.elf.dir/Drivers/STM32F4xx_HAL_Driver/Src/stm32f4xx_hal_tim_ex.c.obj
 .debug_str     0x000062f0      0xdb7 CMakeFiles/f407_drive_remake.elf.dir/Drivers/STM32F4xx_HAL_Driver/Src/stm32f4xx_hal_uart.c.obj
 .debug_str     0x000062f0      0xd4a CMakeFiles/f407_drive_remake.elf.dir/Drivers/STM32F4xx_HAL_Driver/Src/stm32f4xx_ll_usb.c.obj

.comment        0x00000000       0x45
 .comment       0x00000000       0x45 CMakeFiles/f407_drive_remake.elf.dir/Core/Src/adc.c.obj
                                 0x46 (size before relaxing)
 .comment       0x00000045       0x46 CMakeFiles/f407_drive_remake.elf.dir/Core/Src/gpio.c.obj
 .comment       0x00000045       0x46 CMakeFiles/f407_drive_remake.elf.dir/Core/Src/i2c.c.obj
 .comment       0x00000045       0x46 CMakeFiles/f407_drive_remake.elf.dir/Core/Src/main.c.obj
 .comment       0x00000045       0x46 CMakeFiles/f407_drive_remake.elf.dir/Core/Src/spi.c.obj
 .comment       0x00000045       0x46 CMakeFiles/f407_drive_remake.elf.dir/Core/Src/stm32f4xx_hal_msp.c.obj
 .comment       0x00000045       0x46 CMakeFiles/f407_drive_remake.elf.dir/Core/Src/stm32f4xx_it.c.obj
 .comment       0x00000045       0x46 CMakeFiles/f407_drive_remake.elf.dir/Core/Src/system_stm32f4xx.c.obj
 .comment       0x00000045       0x46 CMakeFiles/f407_drive_remake.elf.dir/Core/Src/tim.c.obj
 .comment       0x00000045       0x46 CMakeFiles/f407_drive_remake.elf.dir/Core/Src/usart.c.obj
 .comment       0x00000045       0x46 CMakeFiles/f407_drive_remake.elf.dir/Core/Src/usb_otg.c.obj
 .comment       0x00000045       0x46 CMakeFiles/f407_drive_remake.elf.dir/Drivers/STM32F4xx_HAL_Driver/Src/stm32f4xx_hal.c.obj
 .comment       0x00000045       0x46 CMakeFiles/f407_drive_remake.elf.dir/Drivers/STM32F4xx_HAL_Driver/Src/stm32f4xx_hal_adc.c.obj
 .comment       0x00000045       0x46 CMakeFiles/f407_drive_remake.elf.dir/Drivers/STM32F4xx_HAL_Driver/Src/stm32f4xx_hal_cortex.c.obj
 .comment       0x00000045       0x46 CMakeFiles/f407_drive_remake.elf.dir/Drivers/STM32F4xx_HAL_Driver/Src/stm32f4xx_hal_gpio.c.obj
 .comment       0x00000045       0x46 CMakeFiles/f407_drive_remake.elf.dir/Drivers/STM32F4xx_HAL_Driver/Src/stm32f4xx_hal_i2c.c.obj
 .comment       0x00000045       0x46 CMakeFiles/f407_drive_remake.elf.dir/Drivers/STM32F4xx_HAL_Driver/Src/stm32f4xx_hal_pcd.c.obj
 .comment       0x00000045       0x46 CMakeFiles/f407_drive_remake.elf.dir/Drivers/STM32F4xx_HAL_Driver/Src/stm32f4xx_hal_rcc.c.obj
 .comment       0x00000045       0x46 CMakeFiles/f407_drive_remake.elf.dir/Drivers/STM32F4xx_HAL_Driver/Src/stm32f4xx_hal_spi.c.obj
 .comment       0x00000045       0x46 CMakeFiles/f407_drive_remake.elf.dir/Drivers/STM32F4xx_HAL_Driver/Src/stm32f4xx_hal_tim.c.obj
 .comment       0x00000045       0x46 CMakeFiles/f407_drive_remake.elf.dir/Drivers/STM32F4xx_HAL_Driver/Src/stm32f4xx_hal_tim_ex.c.obj
 .comment       0x00000045       0x46 CMakeFiles/f407_drive_remake.elf.dir/Drivers/STM32F4xx_HAL_Driver/Src/stm32f4xx_hal_uart.c.obj
 .comment       0x00000045       0x46 CMakeFiles/f407_drive_remake.elf.dir/Drivers/STM32F4xx_HAL_Driver/Src/stm32f4xx_ll_usb.c.obj

.debug_frame    0x00000000     0x3c40
 .debug_frame   0x00000000       0x8c CMakeFiles/f407_drive_remake.elf.dir/Core/Src/adc.c.obj
 .debug_frame   0x0000008c       0x34 CMakeFiles/f407_drive_remake.elf.dir/Core/Src/gpio.c.obj
 .debug_frame   0x000000c0       0x64 CMakeFiles/f407_drive_remake.elf.dir/Core/Src/i2c.c.obj
 .debug_frame   0x00000124       0x58 CMakeFiles/f407_drive_remake.elf.dir/Core/Src/main.c.obj
 .debug_frame   0x0000017c       0x60 CMakeFiles/f407_drive_remake.elf.dir/Core/Src/spi.c.obj
 .debug_frame   0x000001dc       0x28 CMakeFiles/f407_drive_remake.elf.dir/Core/Src/stm32f4xx_hal_msp.c.obj
 .debug_frame   0x00000204      0x120 CMakeFiles/f407_drive_remake.elf.dir/Core/Src/stm32f4xx_it.c.obj
 .debug_frame   0x00000324       0x30 CMakeFiles/f407_drive_remake.elf.dir/Core/Src/system_stm32f4xx.c.obj
 .debug_frame   0x00000354       0xd4 CMakeFiles/f407_drive_remake.elf.dir/Core/Src/tim.c.obj
 .debug_frame   0x00000428       0x78 CMakeFiles/f407_drive_remake.elf.dir/Core/Src/usart.c.obj
 .debug_frame   0x000004a0       0x64 CMakeFiles/f407_drive_remake.elf.dir/Core/Src/usb_otg.c.obj
 .debug_frame   0x00000504      0x1ec CMakeFiles/f407_drive_remake.elf.dir/Drivers/STM32F4xx_HAL_Driver/Src/stm32f4xx_hal.c.obj
 .debug_frame   0x000006f0      0x268 CMakeFiles/f407_drive_remake.elf.dir/Drivers/STM32F4xx_HAL_Driver/Src/stm32f4xx_hal_adc.c.obj
 .debug_frame   0x00000958      0x1f4 CMakeFiles/f407_drive_remake.elf.dir/Drivers/STM32F4xx_HAL_Driver/Src/stm32f4xx_hal_cortex.c.obj
 .debug_frame   0x00000b4c       0xd4 CMakeFiles/f407_drive_remake.elf.dir/Drivers/STM32F4xx_HAL_Driver/Src/stm32f4xx_hal_gpio.c.obj
 .debug_frame   0x00000c20      0x988 CMakeFiles/f407_drive_remake.elf.dir/Drivers/STM32F4xx_HAL_Driver/Src/stm32f4xx_hal_i2c.c.obj
 .debug_frame   0x000015a8      0x388 CMakeFiles/f407_drive_remake.elf.dir/Drivers/STM32F4xx_HAL_Driver/Src/stm32f4xx_hal_pcd.c.obj
 .debug_frame   0x00001930      0x16c CMakeFiles/f407_drive_remake.elf.dir/Drivers/STM32F4xx_HAL_Driver/Src/stm32f4xx_hal_rcc.c.obj
 .debug_frame   0x00001a9c      0x5c8 CMakeFiles/f407_drive_remake.elf.dir/Drivers/STM32F4xx_HAL_Driver/Src/stm32f4xx_hal_spi.c.obj
 .debug_frame   0x00002064      0xb08 CMakeFiles/f407_drive_remake.elf.dir/Drivers/STM32F4xx_HAL_Driver/Src/stm32f4xx_hal_tim.c.obj
 .debug_frame   0x00002b6c      0x418 CMakeFiles/f407_drive_remake.elf.dir/Drivers/STM32F4xx_HAL_Driver/Src/stm32f4xx_hal_tim_ex.c.obj
 .debug_frame   0x00002f84      0x5dc CMakeFiles/f407_drive_remake.elf.dir/Drivers/STM32F4xx_HAL_Driver/Src/stm32f4xx_hal_uart.c.obj
 .debug_frame   0x00003560      0x494 CMakeFiles/f407_drive_remake.elf.dir/Drivers/STM32F4xx_HAL_Driver/Src/stm32f4xx_ll_usb.c.obj
 .debug_frame   0x000039f4       0x2c C:/environment/arm-gnu-toolchain-13.3.rel1-mingw-w64-i686-arm-none-eabi/arm-gnu-toolchain-13.3.rel1-mingw-w64-i686-arm-none-eabi/bin/../lib/gcc/arm-none-eabi/13.3.1/thumb/v7e-m/nofp\libgcc.a(_aeabi_uldivmod.o)
 .debug_frame   0x00003a20       0x34 C:/environment/arm-gnu-toolchain-13.3.rel1-mingw-w64-i686-arm-none-eabi/arm-gnu-toolchain-13.3.rel1-mingw-w64-i686-arm-none-eabi/bin/../lib/gcc/arm-none-eabi/13.3.1/thumb/v7e-m/nofp\libgcc.a(_udivmoddi4.o)
 .debug_frame   0x00003a54       0x2c C:/environment/arm-gnu-toolchain-13.3.rel1-mingw-w64-i686-arm-none-eabi/arm-gnu-toolchain-13.3.rel1-mingw-w64-i686-arm-none-eabi/bin/../lib/gcc/arm-none-eabi/13.3.1/thumb/v7e-m/nofp\libc.a(libc_a-memset.o)
 .debug_frame   0x00003a80       0x2c C:/environment/arm-gnu-toolchain-13.3.rel1-mingw-w64-i686-arm-none-eabi/arm-gnu-toolchain-13.3.rel1-mingw-w64-i686-arm-none-eabi/bin/../lib/gcc/arm-none-eabi/13.3.1/thumb/v7e-m/nofp\libc.a(libc_a-init.o)
 .debug_frame   0x00003aac       0xb0 C:/environment/arm-gnu-toolchain-13.3.rel1-mingw-w64-i686-arm-none-eabi/arm-gnu-toolchain-13.3.rel1-mingw-w64-i686-arm-none-eabi/bin/../lib/gcc/arm-none-eabi/13.3.1/thumb/v7e-m/nofp\libc.a(libc_a-lock.o)
 .debug_frame   0x00003b5c       0x5c C:/environment/arm-gnu-toolchain-13.3.rel1-mingw-w64-i686-arm-none-eabi/arm-gnu-toolchain-13.3.rel1-mingw-w64-i686-arm-none-eabi/bin/../lib/gcc/arm-none-eabi/13.3.1/thumb/v7e-m/nofp\libc.a(libc_a-__call_atexit.o)
 .debug_frame   0x00003bb8       0x20 C:/environment/arm-gnu-toolchain-13.3.rel1-mingw-w64-i686-arm-none-eabi/arm-gnu-toolchain-13.3.rel1-mingw-w64-i686-arm-none-eabi/bin/../lib/gcc/arm-none-eabi/13.3.1/thumb/v7e-m/nofp\libc.a(libc_a-atexit.o)
 .debug_frame   0x00003bd8       0x34 C:/environment/arm-gnu-toolchain-13.3.rel1-mingw-w64-i686-arm-none-eabi/arm-gnu-toolchain-13.3.rel1-mingw-w64-i686-arm-none-eabi/bin/../lib/gcc/arm-none-eabi/13.3.1/thumb/v7e-m/nofp\libc.a(libc_a-fini.o)
 .debug_frame   0x00003c0c       0x34 C:/environment/arm-gnu-toolchain-13.3.rel1-mingw-w64-i686-arm-none-eabi/arm-gnu-toolchain-13.3.rel1-mingw-w64-i686-arm-none-eabi/bin/../lib/gcc/arm-none-eabi/13.3.1/thumb/v7e-m/nofp\libc.a(libc_a-__atexit.o)

.debug_line_str
                0x00000000      0x146
 .debug_line_str
                0x00000000      0x146 CMakeFiles/f407_drive_remake.elf.dir/Core/Startup/startup_stm32f407igtx.s.obj
                                 0x74 (size before relaxing)
 .debug_line_str
                0x00000146       0xc6 C:/environment/arm-gnu-toolchain-13.3.rel1-mingw-w64-i686-arm-none-eabi/arm-gnu-toolchain-13.3.rel1-mingw-w64-i686-arm-none-eabi/bin/../lib/gcc/arm-none-eabi/13.3.1/thumb/v7e-m/nofp\libgcc.a(_aeabi_uldivmod.o)
 .debug_line_str
                0x00000146       0xca C:/environment/arm-gnu-toolchain-13.3.rel1-mingw-w64-i686-arm-none-eabi/arm-gnu-toolchain-13.3.rel1-mingw-w64-i686-arm-none-eabi/bin/../lib/gcc/arm-none-eabi/13.3.1/thumb/v7e-m/nofp\libgcc.a(_dvmd_tls.o)
